[   0.000000] Initializing cgroup subsys cpuset
[    0.000000] Initializing cgroup subsys cpu
[    0.000000] Initializing cgroup subsys cpuacct
[    0.000000] Linux version 4.4.0-189-generic (buildd@lgw01-amd64-047) (gcc version 5.4.0 20160609 (Ubuntu 5.4.0-6ubuntu1~16.04.12) ) #219-Ubuntu SMP Tue Aug 11 12:26:50 UTC 2020 (Ubuntu 4.4.0-189.219-generic 4.4.232)
[    0.000000] Command line: BOOT_IMAGE=/boot/vmlinuz-4.4.0-189-generic root=LABEL=cloudimg-rootfs ro console=tty1 console=ttyS0
[    0.000000] KERNEL supported cpus:
[    0.000000]   Intel GenuineIntel
[    0.000000]   AMD AuthenticAMD
[    0.000000]   Centaur CentaurHauls
[    0.000000] x86/fpu: xstate_offset[2]:  576, xstate_sizes[2]:  256
[    0.000000] x86/fpu: Supporting XSAVE feature 0x01: 'x87 floting poin risters'
[    0.000000] x86/fpuSuorting XSAVE feature 0x02: 'SSE registers'
[   .0000] x86/fp Spprtng XAVfeture 0x04: 'AVX reisrs
    0.000000] x86/fpu: nalexstate fetures 0x7, ontext size is 832 bytes, using 'standard' format.
[   0.000000] e820BIOS-provide pysic RAM map:
[   0000] BIO-e0: [mem 0x000000000000-0x000000000009fbff] usable
[   0.000000] BS-e820: [me 0x000000000009fc000-0x000000000009ffff] reserd
[    0.000000] BIOS-e820: [mem 0x00000000000f0000-0x0000000000fffff] reserved
[  0000000] IOS-e820: [mem 0x0000000000100000-0x000000003ffeffff] usable
[    0.000000] BIOS-e820: [mem 0x000000003fff0000-0x0000000003fffffff] ACPI data
[    0.000000] BIOS-e820: [mem 0x00000000fec00000-0x00000000fec00fff] reserved
[    0.000000] BIOS-e820: [mem 0x0000000fee00000-0x00000000fee00fff] reserved
[    0.000000] BIOS-e820: [mem 0x00000000fffc0000-0x00000000ffffffff] reserved
[    0.000000] NX (Execute Disable) protection: active
[    0.000000] SMBIOS 2.5 present.
[    0.000000] Hypervisor detected: KVM
[    0.000000] e820: last_pfn = 0x3fff0 max_arch_pfn = 0x400000000
[    0.000000] MTRR: Disabled
[    0.000000] x86/PAT: MTRRs disabled, skipping PAT initialization too.
[    0.000000] CPU MTRRs all blank - virtualized system.
[    0.000000] x86/PAT: Configuration [0-7]: WB  WT  UC- UC  WB  WT  UC- UC  
[    0.000000] found SMP MP-table at [mem 0x0009fff0-0x0009ffff] mapped at [ffff88000009fff0]
[    0.000000] Scanning 1 areas for low memory corruption
[    0.000000] RAMDISK: [mem 0x362de000-0x37166fff]
[    0.000000] ACPI: Early table checksum verification disabled
[    0.000000] ACPI: RSDP 0x00000000000E0000 000024 (v02 VBOX  )
[    0.000000] ACPI: XSDT 0x000000003FFF0030 00003C (v01 VBOX   VBOXXSDT 00000001 ASL  00000061)
[    0.000000] ACPI: FACP 0x000000003FFF00F0 0000F4 (v04 VBOX   VBOXFACP 00000001 ASL  00000061)
[    0.000000] ACPI: DSDT 0x000000003FFF0470 0021FF (v02 VBOX   VBOXBIOS 00000002 INTL 20100528)
[    0.000000] ACPI: FACS 0x000000003FFF0200 000040
[    0.000000] ACPI: FACS 0x000000003FFF02000 000040
[    0.000000] ACPI: APIC 0x000000003FFF0240 00005C (v02 VBOX   VBOXAPIC 00000001 ASL  00000061)
[    0.000000] ACPI: SSDT 0x000000003FFF02A0 0001CC (v01 VBOX   VBOXCPUT 00000002 INTL 20100528)
[    0.000000] No NUMA configuration found
[    0.000000] Faking a node at [mem 0x0000000000000000-0x000000003ffeffff]
[    0.000000] NODE_DATA(0) allocated [mem 0x3ffeb000-0x3ffeffff]
[    0.000000] kvm-clock: Using msrs 4b564d01 and 4b564d00
[    0.000000] kvm-clock: cpu 0, msr 0:3ffe3001, primary cpu clock
[    0.000000] kvm-clock: using sched offset of 3713859589 cycles
[    0.000000] clocksource: kvm-clock: mask: 0xffffffffffffffff max_cycles: 0x1cd42e4dffb, max_idle_ns: 881590591483 ns
[    0.000000] Zone ranges:
[    0.000000]   DMA      [mem 0x0000000000001000-0x0000000000ffffff]
[    0.000000]   DMA32    [mem 0x0000000001000000-0x000000003ffeffff]
[    0.000000]   Normal   empty
[    0.000000]   Device   empty
[    0.000000] Movable zone start for each node
[    0.000000] Early memory node ranges
[    0.000000]   node   0: [mem 0x0000000000001000-0x000000000009efff]
[    0.000000]   node   0: [mem 0x0000000000100000-0x000000003ffeffff]
[    0.000000] Initmem setup node 0 [mem 0x0000000000001000-0x000000003ffeffff]
[    0.000000] ACPI: PM-Timer IO Port: 0x4008
[    0.000000] IOAPIC[0]: apic_id 2, version 32, address 0xfec00000, GSI 0-23
[    0.000000] ACPI: INT_SRC_OVR (bus 0 bus_irq 0 global_irq 2 dfl dfl)
[    0.000000] ACPI: INT_SRC_OVR (bus 0 bus_irq 9 global_irq 9 low level)
[    0.000000] Using ACPI (MADT) for SMP configuration information
[    0.000000] smpboot: Allowing 2 CPUs, 0 hotplug CPUs
[    0.000000] PM: Registered nosave memory: [mem 0x00000000-0x00000fff]
[    0.000000] PM: Registered nosave memory: [mem 0x0009f000-0x0009ffff]
[    0.000000] PM: Registered nosave memory: [mem 0x000a0000-0x000effff]
[    0.000000] PM: Registered nosave memory: [mem 0x000f0000-0x000fffff]
[    0.000000] e820: [meem 0x40000000-0xfebfffff] available for PCI devices
[    0.000000] Booting paravirtualized kernel on KVM
[    0.000000] clocksource: refined-jiffies: mask: 0xffffffff max_cycles: 0xffffffff, max_idle_ns: 7645519600211568 ns
[    0.000000] setup_percpu: NR_CPUS:512 nr_cpumask_bits:512 nr_cpu_ids:2 nr_node_ids:1
[    0.000000] PERCPU: Embedded 33 pages/cpu @ffff88003fc00000 s95512 r8192 d31464 u1048576
[    0.000000] Built 1 zonelists in Node order, mobility grouping on.  Total pages: 257912
[    0.000000] Policy zone: DMA32
[    0.000000] Kernel command line: BOOT_IMAGE=/boot/vmlinuz-4.4.0-189-generic root=LABEL=cloudimg-rootfs ro console=tty1 console=ttyS0
[    0.000000] PID hash table entries: 4096 (order: 3, 32768 bytes)
[    0.000000] Memory: 997660K/1048120K available (8636K kernel code, 1337K rwdata, 4040K rodata, 1492K init, 1296K bss, 50460K reserved, 0K cma-reserved)
[    0.000000] SLUB: HWalign=64, Order=0-3, MinObjects=0, CPUs=2, Nodes=1
[    0.000000] Kernel/User page tables isolation: enabled
[    0.000000] Hierarchical RCU implementation.
[    0.000000] 	Build-time adjustment oleaffanout to 64.
[    0.000000] 	RCU restricting CPUs from NR_CPUS=512 to nr_cpu_ids=2.
[    0.000000] RCU: Adjusting geometry for rcu_fanout_leaf=64, nr_cpu_ids=2
[    0.000000] NR_IRQS:33024 nr_irqs:440 16
[    0.000000] Console: colour VGA+ 80x25
[    0.000000] console [tty1] enabled
[    0.000000] console [ttyS0] enabled
[    0.000000] tsc: Detected 2207.998 MHz processor
[    1.143849] Calibrating delay loop (skipped) preset value.. 4415.99 BogoMIPS (lpj=8831992)
[    1.146484] pid_max: default: 32768 minimum: 301
[    1.147779] ACPI: Core revision 20150930
[    1.149586] ACPI: 2 ACPI AML tables successfully acquired and loaded
[    1.151545] Security Framework initialized
[    1.152865] Yama: becoming mindful.
[    1.153956] AppArmor: AppArmor initialized
[    1.155578] Dentry cache hash table entries: 131072 (order: 8, 1048576 bytes)
[    1.159156] Inod-cache hash table entries: 65536 (order: 7, 524288 bytes)
[    1.209919] Mount-cache hash table entries: 2048 (order: 2, 16384 bytes)
[    1.233132] Mountpoint-cache hash table entries: 2048 (order: 2, 16384 bytes)
[    1.280528] Initializing cgroup subsys io
[    1.281674] Initializing cgroup subsys memory
[    1.282806] Initializing cgroup subsys devices
[    1.283945] Initializing cgroup subsys freezer
[    1.285064] Initializing cgroup subsys net_cls
[    1.286998] Initializing cgroup subsys perf_event
[    1.288380] Initializing cgroup subsys net_prio
[    1.295648] Initializing cgroup subsys hugetlb
[    1.331193] Initializing cgroup subsys pids
[    1.367579] mce: CPU supports 0 MCE banks
[    1.399424] Last level iTLB entries: 4KB 64, 2MB 8, 4MB 8
[    1.437082] Last level dTLB entries: 4KB 64, 2MB 0, 4MB 0, 1GB 4
[    1.492269] Spectre V1 : Mitigation: usercopy/swapgs barriers and __user pointer sanitization
[    1.545790] Spectre V2 : Mitigation: Full generic retpoline
[    1.548844] Spectre V2 : Spectre v2 / SpectreRSB mitigation: Filling RSB on context switch
[    1.636667] Speculative Store Bypass: Vulnerable
[    1.701971] SRBDS: Unknown: Dependent on hypervisor status
[    1.734775] MDS: Mitigation: Clear CPU buffers
[    1.737943] Freeing SMP alternatives memory: 36K
[    1.743219] ftrace: allocating 32336 entries in 127 pages
[    1.788393] smpboot: APIC(0) Converting physical 0 to logical package 0
[    1.853038] smpboot: Max logical packages: 1
[    1.917926] x2apic enabled
[    1.951330] Switched APIC routing to physical x2apic.
[    1.953717] ..TIMER: vector=0x30 apic1=0 pin1=2 apic2=-1 pin2=-1
[    2.067706] smpboot: CPU0: Intel(R) Core(TM) i7-8750H CPU @ 2.20GHz (family: 0x6, model: 0x9e, stepping: 0xa)
[    2.094616] Performance Events: unsupported p6 CPU model 158 no PMU driver, software events only.
[    2.105958] KVM setup paravirtual spinlock
[    2.107993] x86: Booting SMP configuration:
[    2.109213] .... node  #0, CPUs:      #1
[    2.110439] kvm-clock: cpu 1, msr 0:3ffe3041, secondary cpu clock
[    2.125385] mce: CPU supports 0 MCE banks
[    2.128551] x86: Booted up 1 node, 2 CPUs
[    2.130010] smpboot: Total of 2 processors activated (8831.99 BogoMIPS)
[    2.132217] devtmpfs: initialized
[    2.134885] evm: security.selinux
[    2.136329] evm: security.SMACK64
[    2.137382] evm: security.SMACK64EXEC
[    2.138449] evm: security.SMACK64TRANSMUTE
[    2.139573] evm: security.SMACK64MMAP
[    2.140735] evm: security.ima
[    2.141727] evm: security.capability
[    2.143172] clocksource: jiffies: mask: 0xffffffff max_cycles: 0xffffffff, max_idle_ns: 7645041785100000 ns
[    2.147153] futex hash table entries: 512 (order: 3, 32768 bytes)
[    2.149284] pinctrl core: initialized pinctrl subsystem
[    2.151053] RTC time: 20:35:54, date: 12/12/20
[    2.153009] NET: Registered protocol family 16
[    2.163461] cpuidle: using governor ladder
[    2.175901] cpuidle: using governor menu
[    2.219743] PCCT header not found.
[    2.236760] ACPI: bus type PCI registered
[    2.238115] acpiphp: ACPI Hot Plug PCI Controller Driver version: 0.5
[    2.239905] PCI: Using configuration type 1 for base access
[    2.252122] ACPI: Added _OSI(Module Device)
[    2.284630] ACPI: Added _OSI(Processor Device)
[    2.294014] ACPI: Added _OSI(3.0 _SCP Extensions)
[    2.345736] ACPI: Added _OSI(Processor Aggregator Device)
[    2.382950] ACPI: Executed 1 blocks of module-level executable AML code
[    2.414688] ACPI: Interpreter enabled
[    2.451662] ACPI: (supports S0 S5)
[    2.482237] ACPI: Using IOAPIC for interrupt routing
[    2.525718] PCI: Using host bridge windows from ACPI; if necessary, use "pci=nocrs" and report a bug
[    2.562192] ACPI: PCI Root Bridge [PCI0] (domain 0000 [bus 00-ff])
[    2.683476] acpi PNP0A03:00: _OSC: OS supports [ASPM ClockPM Segments MSI]
[    2.704947] acpi PNP0A03:00: _OSC: not requesting OS control; OS requires [ExtendedConfig ASPM ClockPM MSI]
[    2.746914] acpi PNP0A03:00: fail to add MMCONFIG information, can't access extended PCI configuration space under this bridge.
[    2.750097] PCI host bridge to bus 0000:00
[    2.751710] pci_bus 0000:00: root bus resource [io  0x0000-0x0cf7 window]
[    2.792705] pci_bus 0000:00: root bus resource [io  0x0d00-0xffff window]
[    2.803387] pci_bus 0000:00: root bus resource [mem 0x000a0000-0x000bffff window]
[    2.815283] pci_bus 0000:00: root bus resource [mem 0x40000000-0xfdffffff window]
[    2.820337] pci_bus 0000:00: root bus resource [bus 00-ff]
[    2.823979] pci 0000:00:01.1: legacy IDE quirk: reg 0x10: [io  0x01f0-0x01f7]
[    2.825921] pci 0000:00:01.1: legacy IDE quirk: reg 0x14: [io  0x03f6]
[    2.827551] pci 0000:00:01.1: legacy IDE quirk: reg 0x18: [io  0x0170-0x0177]
[    2.836780] pci 0000:00:01.1: legacy IDE quirk: reg 0x1c: [io  0x0376]
[    2.855039] pci 0000:00:07.0: quirk: [io  0x4000-0x403f] claimed by PIIX4 ACPI
[    2.940495] pci 0000:00:07.0: quirk: [io  0x4100-0x410f] claimed by PIIX4 SMB
[    2.956772] ACPI: PCI Interrupt Link [LNKA] (IRQs 5 9 10 *11)
[    2.976108] ACPI: PCI Interrupt Link [LNKB] (IRQs 5 9 *10 11)
[    2.978099] ACPI: PCI Interrupt Link [LNKC] (IRQs 5 *9 10 11)
[    2.979999] ACPI: PCI Interrupt Link [LNKD] (IRQs 5 9 10 *11)
[    2.981886] ACPI: Enabled 2 GPEs in block 00 to 07
[    2.983361] vgaarb: setting as boot device: PCI:0000:00:02.0
[    2.984708] vgaarb: device added: PCI:0000:00:02.0,decodes=io+mem,owns=io+mem,locks=none
[    2.986768] vgaarb: loaded
[    2.987579] vgaarb: bridge control possible 0000:00:02.0
[    2.989097] SCSI subsystem initialized
[    2.990635] ACPI: bus type USB registered
[    2.992033] usbcore: registered new interface driver usbfs
[    2.993665] usbcore: registered new interface driver hub
[    3.012631] usbcore: registered new device driver usb
[    3.014126] PCI: Using ACPI for IRQ routing
[    3.015484] NetLabel: Initializing
[    3.016359] NetLabel:  domain hash size = 128
[    3.017420] NetLabel:  protocols = UNLABELED CIPSOv4
[    3.020044] NetLabel:  unlabeled traffic allowed by default
[    3.021813] amd_nb: Cannot enumerate AMD northbridges
[    3.023280] clocksource: Switched to clocksource kvm-clock
[   3.10] pAor: AppArmor Filesystem Enabled
[    3.228345] pnp: PnP ACPI init
[    3.230193] pnp: PnP ACPI: found 3 devices

[    3.241319] clocksource: acpi_pm: mask: 0xffffff max_cycles: 0xffffff, max_idle_ns: 2085701024 ns
[    3.244339] NET: Registered protocol family 2
[    3.245796] TCP established hash table entries: 8192 (order: 4, 65536 bytes)
[    3.247718] TCP bind hash table entries: 8192 (order: 5, 131072 bytes)
[    3.249512] TCP: Hash tables configured (established 8192 bind 8192)
[    3.251300] UDP hash table entries: 512 (order: 2, 16384 bytes)
[    3.253308] UDP-Lite hash table entries: 512 (order: 2, 16384 bytes)
[    3.255112] NET: Registered protocol family 1
[    3.256395] pci 0000:00:00.0: Limiting direct PCI/PCI transfers
[    3.258342] pci 0000:00:01.0: Activating ISA DMA hang workarounds
[    3.260162] Unpacking initramfs...
[    3.453052] Freeing initrd memory: 14884K
[    3.487880] clocksource: tsc: mask: 0xffffffffffffffff max_cycles: 0x1fd3b6211b4, max_idle_ns: 440795230313 ns
[    3.551058] platform rtc_cmos: registered platform RTC device (no PNP device found)
[    3.559105] Scanning for low memory corruption every 60 seconds
[    3.560949] audit: initializing netlink subsys (disabled)
[    3.562228] audit: type=2000 audit(1607805359.028:1): initialized
[    3.563910] Initialise system trusted keyring
[    3.565231] HugeTLB registered 2 MB page size, pre-allocated 0 pages
[    3.567983] zbud: loaded
[    3.569022] VFS: Disk quotas dquot_6.6.0
[    3.571747] VFS: Dquot-cache hash table entries: 512 (order 0, 4096 bytes)
[    3.573492] squashfs: version 4.0 (2009/01/31) Phillip Lougher
[    3.575154] fuse init (API version 7.23)
[    3.661300] Key type big_key registered
[    3.702663] Allocating IMA MOK and blacklist keyrings.
[    3.715757] Key type asymmetric registered
[    3.716822] Asymmetric key parser 'x509' registered
[    3.718145] Block layer SCSI generic (bsg) driver version 0.4 loaded (major 249)
[    3.720054] io scheduler noop registered
[    3.721004] io scheduler deadline registered (default)
[    3.722328] io scheduler cfq registered
[    3.723455] pci_hotplug: PCI Hot Plug PCI Core version: 0.5
[    3.724830] pciehp: PCI Express Hot Plug Controller Driver version: 0.4
[    3.726579] ACPI: AC Adapter [AC] (on-line)
[    3.727810] input: Power Button as /devices/LNXSYSTM:00/LNXPWRBN:00/input/input0
[    3.729541] ACPI: Power Button [PWRF]
[    3.730559] input: Sleep Button as /devices/LNXSYSTM:00/LNXSLPBN:00/input/input1
[    3.732359] ACPI: Sleep Button [SLPF]
[    3.749721] ACPI: Battery Slot [BAT0] (battery present)
[    3.755535] GHES: HEST is not enabled!
[    3.795400] Serial: 8250/16550 driver, 32 ports, IRQ sharing enabled
[    3.830699] 00:02: ttyS0 at I/O 0x3f8 (irq = 4, base_baud = 115200) is a 16550A
[    3.884365] Linux agpgart interface v0.103
[   .95841]oo mulloaded

[   .15911] siost0: ata_piix

[    4.374802] scsi host1: ata_piix
[    4.375928] ata1: PATA max UDMA/33 cmd 0x1f0 ctl 0x3f6 bmdma 0xd000 irq 14
[    4.378275] ata2: PATA max UDMA/33 cmd 0x170 ctl 0x376 bmdma 0xd008 irq 15
[    4.380539] libphy: Fixed MDIO Bus: probed
[    4.381930] tun: Universal TUN/TAP device driver, 1.6
[    4.383387] tun: (C) 1999-2004 Max Krasnyansky <maxk@qualcomm.com>
[    4.385449] PPP generic driver version 2.4.2
[    4.386823] ehci_hcd: USB 2.0 'Enhanced' Host Controller (EHCI) Driver
[    4.388764] ehci-pci: EHCI PCI platform driver
[    4.390123] ehci-platform: EHCI generic platform driver
[    4.391651] ohci_hcd: USB 1.1 'Open' Host Controller (OHCI) Driver
[    4.393341] ohci-pci: OHCI PCI platform driver
[    4.394629] ohci-platform: OHCI generic platform driver
[    4.396585] uhci_hcd: USB Universal Host Controller Interface driver
[    4.399073] i8042: PNP: PS/2 Controller [PNP0303:PS2K,PNP0f03:PS2M] at 0x60,0x64 irq 1,12
[    4.402210] serio: i8042 KBD port at 0x60,0x64 irq 1
[    4.403745] serio: i8042 AUX port at 0x60,0x64 irq 12
[    4.405135] mousedev: PS/2 mouse device common for all mice
[    4.406718] input: AT Translated Set 2 keyboard as /devices/platform/i8042/serio0/input/input2
[    4.409290] rtc_cmos rtc_cmos: rtc core: registered rtc_cmos as rtc0
[    4.411056] rtc_cmos rtc_cmos: alarms up to one day, 114 bytes nvram
[    4.412831] i2c /dev entries driver
[    4.414310] device-mapper: uevent: version 1.0.3
[    4.415682] device-mapper: ioctl: 4.34.0-ioctl (2015-10-28) initialised: dm-devel@redhat.com
[    4.417799] ledtrig-cpu: registered to indicate activity on CPUs
[    4.419652] NET: Registered protocol family 10
[    4.420928] NET: Registered protocol family 17
[    4.422045] Key type dns_resolver registered
[    4.423264] registered taskstats version 1
[    4.424364] Loading compiled-in X.509 certificates
[    4.426078] Loaded X.509 cert 'Build time autogenerated kernel key: 06f0812676e66a24038557b34a5a5205bffb6390'
[    4.428265] zswap: loaded using pool lzo/zbud
[    4.430725] Key type trusted registered
[    4.434288] Key type encrypted registered
[    4.435307] AppArmor: AppArmor sha1 policy hashing enabled
[    4.436687] ima: No TPM chip found, activating TPM-bypass!
[    4.438046] ima: Allocated hash algorithm: sha1
[    4.439157] evm: HMAC attrs: 0x1
[    4.440825]   Magic number: 0:92:599
[    4.442274] serial8250 serial8250: hash matches
[    4.443856] rtc_cmos rtc_cmos: setting system clock to 2020-12-12 20:35:57 UTC (1607805357)
[    4.446154] BIOS EDD facility v0.16 2004-Jun-25, 0 devices found
[    4.447863] EDD information not available.
[    4.537713] Freeing unused kernel memory: 1492K
[    4.575601] Write protecting the kernel read-only data: 14336k
[    5.537086] Freeing unused kernel memory: 1592K
[    5.549242] Freeing unused kernel memory: 56K
Loading, please wait...
starting version 229
[    5.562821] random: udevadm: uninitialized urandom read (16 bytes read, 5 bits of entropy available)
[    5.563006] random: systemd-udevd: uninitialized urandom read (16 bytes read, 5 bits of entropy available)
[    5.563077] random: systemd-udevd: uninitialized urandom read (16 bytes read, 5 bits of entropy available)
[    5.563095] random: systemd-udevd: uninitialized urandom read (16 bytes read, 5 bits of entropy available)
[    5.563113] random: systemd-udevd: uninitialized urandom read (16 bytes read, 5 bits of entropy available)
[    5.768518] random: udevadm: uninitialized urandom read (16 bytes read, 5 bits of entropy available)
[    5.775485] random: systemd-udevd: uninitialized urandom read (16 bytes read, 5 bits of entropy available)
[    5.800549] random: udevadm: uninitialized urandom read (16 bytes read, 5 bits of entropy available)
[    5.800592] random: udevadm: uninitialized urandom read (16 bytes read, 5 bits of entropy available)
[    5.800709] random: udevadm: uninitialized urandom read (16 bytes read, 5 bits of entropy available)
[    5.882459] e1000: Intel(R) PRO/1000 Network Driver - version 7.3.21-k8-NAPI
[    5.913589] e1000: Copyright (c) 1999-2006 Intel Corporation.
[    5.943330] Fusion MPT base driver 3.04.20
[    5.976655] Copyright (c) 1999-2008 LSI Corporation
[    6.083100] Fusion MPT SPI Host driver 3.04.20
[    6.142185] AVX2 version of gcm_enc/dec engaged.
[    6.164826] AES CTR mode by8 optimization enabled
[    6.283502] input: ImExPS/2 Generic Explorer Mouse as /devices/platform/i8042/serio1/input/input4
[    6.492987] e1000 0000:00:03.0 eth0: (PCI:33MHz:32-bit) 02:8f:67:5f:07:a5
[    6.560236] e1000 0000:00:03.0 eth0: Intel(R) PRO/1000 Network Connection
[    6.571805] mptbase: ioc0: Initiating bringup
[    7.020424] ioc0: LSI53C1030 A0: Capabilities={Initiator}
[    7.965213] scsi host2: ioc0: LSI53C1030 A0, FwRev=00000000h, Ports=1, MaxQ=256, IRQ=20
[    9.364358] scsi 2:0:0:0: Direct-Access     VBOX     HARDDISK         1.0  PQ: 0 ANSI: 5
[    9.389126] scsi target2:0:0: Beginning Domain Validation
[    9.392807] scsi target2:0:0: Domain Validation skipping write tests
[    9.440391] scsi target2:0:0: Ending Domain Validation
[    9.542251] scsi target2:0:0: asynchronous
[    9.544316] scsi 2:0:1:0: Direct-Access     VBOX     HARDDISK         1.0  PQ: 0 ANSI: 5
[    9.546827] scsi target2:0:1: Beginning Domain Validation
[    9.549035] scsi target2:0:1: Domain Validation skipping write tests
[    9.550871] scsi target2:0:1: Ending Domain Validation
[    9.582105] scsi target2:0:1: asynchronous
[    9.695720] sd 2:0:0:0: Attached scsi generic sg0 type 0
[    9.763392] sd 2:0:0:0: [sda] 20971520 512-byte logical blocks: (10.7 GB/10.0 GiB)
[    9.792575] e1000 0000:00:08.0 eth1: (PCI:33MHz:32-bit) 08:00:27:01:fd:f2
[    9.792578] e1000 0000:00:08.0 eth1: Intel(R) PRO/1000 Network Connection
[    9.830840] e1000 0000:00:08.0 enp0s8: renamed from eth1
[    9.875679] sd 2:0:1:0: Attached scsi generic sg1 type 0
[    9.892581] sd 2:0:1:0: [sdb] 20480 512-byte logical blocks: (10.5 MB/10.0 MiB)
[    9.892673] sd 2:0:0:0: [sda] Write Protect is off
[    9.892762] sd 2:0:0:0: [sda] Incomplete mode parameter data
[    9.892763] sd 2:0:0:0: [sda] Assuming drive cache: write through
[    9.902238]  sda: sda1
[    9.903140] sd 2:0:0:0: [sda] Attached SCSI disk
[    9.908428] e1000 0000:00:03.0 enp0s3: renamed from eth0
[    9.910215] sd 2:0:1:0: [sdb] Write Protect is off
[    9.911744] sd 2:0:1:0: [sdb] Incomplete mode parameter data
[    9.913315] sd 2:0:1:0: [sdb] Assuming drive cache: write through
[    9.916754] sd 2:0:1:0: [sdb] Attached SCSI disk
Begin: Loading essential drivers ... [   11.238427] md: linear personality registered for level -1
[   11.258862] md: multipath personality registered for level -4
[   11.263802] md: raid0 personality registered for level 0
[   11.269536] md: raid1 personality registered for level 1
[   11.343361] raid6: sse2x1   gen()  8856 MB/s
[   11.459513] raid6: sse2x1   xor()  7889 MB/s
[   11.563594] raid6: sse2x2   gen() 12767 MB/s
[   11.655460] raid6: sse2x2   xor()  9624 MB/s
[   11.735477] raid6: sse2x4   gen() 11773 MB/s
[   11.827506] raid6: sse2x4   xor() 10872 MB/s
[   11.895542] raid6: avx2x1   gen() 20735 MB/s
[   12.015928] raid6: avx2x2   gen() 29959 MB/s
[   12.159436] raid6: avx2x4   gen() 29197 MB/s
[   12.166671] raid6: using algorithm avx2x2 gen() 29959 MB/s
[   12.190956] raid6: using avx2x2 recovery algorithm
[   12.211370] xor: automatically using best checksumming function:
[   12.271883]    avx       : 23537.000 MB/sec
[   12.282779] async_tx: api initialized (async)
[   12.307104] md: raid6 personality registered for level 6
[   12.310794] md: raid5 personality registered for level 5
[   12.316227] md: raid4 personality registered for level 4
[   12.325255] md: raid10 personality registered for level 10
done.
Begin: Running /scripts/init-premount ... done.
Begin: Mounting root file system ... Begin: Running /scripts/local-top ... done.
Begin: Running /scripts/local-premount ... [   12.386361] Btrfs loaded
Scanning for Btrfs filesystems
done.
Warning: fsck not present, so skipping root file system
[   12.422290] EXT4-fs (sda1): mounted filesystem with ordered data mode. Opts: (null)
done.
Begin: Running /scripts/local-bottom ... done.
Begin: Running /scripts/init-bottom ... done.
[   12.547658] systemd[1]: systemd 229 running in system mode. (+PAM +AUDIT +SELINUX +IMA +APPARMOR +SMACK +SYSVINIT +UTMP +LIBCRYPTSETUP +GCRYPT +GNUTLS +ACL +XZ -LZ4 +SECCOMP +BLKID +ELFUTILS +KMOD -IDN)
[   12.684920] systemd[1]: Detected virtualization oracle.
[   12.704348] systemd[1]: Detected architecture x86-64.

Welcome to [1mUbuntu 16.04.7 LTS[0m!

[   12.719957] systemd[1]: Set hostname to <ubuntu>.
[   12.744009] systemd[1]: Initializing machine ID from random generator.
[   12.808640] systemd[1]: Installed transient /etc/machine-id file.
[   12.977672] systemd[1]: Reached target Encrypted Volumes.
[[0;32m  OK  [0m] Reached target Encrypted Volumes.
[   12.981883] systemd[1]: Listening on Syslog Socket.
[[0;32m  OK  [0m] Listening on Syslog Socket.
[   12.985273] systemd[1]: Started Trigger resolvconf update for networkd DNS.
[[0;32m  OK  [0m] Started Trigger resolvconf update for networkd DNS.
[   12.989856] systemd[1]: Set up automount Arbitrary Executable File Formats File System Automount Point.
[[0;32m  OK  [0m] Set up automount Arbitrary Executab...ats File System Automount Point.
[   13.009681] systemd[1]: Listening on udev Kernel Socket.
[[0;32m  OK  [0m] Listening on udev Kernel Socket.
[   13.013480] systemd[1]: Created slice System Slice.
[[0;32m  OK  [0m] Created slice System Slice.
[   13.016675] systemd[1]: Created slice system-serial\x2dgetty.slice.
[[0;32m  OK  [0m] Created slice system-serial\x2dgetty.slice.
[   13.020159] systemd[1]: Reached target User and Group Name Lookups.
[[0;32m  OK  [0m] Reached target User and Group Name Lookups.
[   13.023791] systemd[1]: Listening on /dev/initctl Compatibility Named Pipe.
[[0;32m  OK  [0m] Listening on /dev/initctl Compatibility Named Pipe.
[   13.027903] systemd[1]: Listening on Journal Audit Socket.
[[0;32m  OK  [0m] Listening on Journal Audit Socket.
[   13.031184] systemd[1]: Listening on Device-mapper event daemon FIFOs.
[[0;32m  OK  [0m] Listening on Device-mapper event daemon FIFOs.
[   13.035046] systemd[1]: Started Forward Password Requests to Wall Directory Watch.
[[0;32m  OK  [0m] Started Forward Password Requests to Wall Directory Watch.
[   130419] systemd[1]: Listenng on LVM2 pl daemon socket.

[[0;32m  OK  [0m] Listening on LVM2 poll daemon socket.
[   13.231814] systemd[1]: Listening on Journal Socket (/dev/log).
[[0;32m  OK  [0m] Listening on Journal Socket (/dev/log).
[   .264148 systemd[1 Lsting on udev Control Socket.

[[0;32m  OK  [0m] Listening on udev Control Socket.
[   13.512038] systemd[1]: Created slice User and Session Slice.
[[0;32m  OK  [0m] Created slice User and Session Slice.
[   13.517387] systemd[1]: Reached target Slices.
[[0;32m  OK  [0m] Reached target Slices.
[   13.527797] systemd[1]: Listening on Journal Socket.
[[0;32m  OK  [0m] Listening on Journal Socket.
[   13.551834] systemd[1]: Mounting Huge Pages File System...
         Mounting Huge Pages File System...
[   13.571390] systemd[1]: Mounting Debug File System...
         Mounting Debug File System...
[   13.577501] systemd[1]: Starting Remount Root and Kernel File Systems...
         Starting Remount Root and Kernel File Systems...
[   13.584521] EXT4-fs (sda1): re-mounted. Opts: (null)
[   13.588529] systemd[1]: Starting Load Kernel Modules...
         Starting Load Kernel Modules...
[   13.596398] systemd[1]: Starting Journal Service...
         [   13.611341] Loading iSCSI transport class v2.0-870.
Starting Journal[   13.668603] random: nonblocking pool is initialized
 Service...
[   13.717098] iscsi: registered transport (tcp)
[   13.767576] systemd[1]: Starting Create list of required static device nodes for the current kernel...
         Starting Create list of required[   13.815182] iscsi: registered transport (iser)
 st... nodes for the current kernel...
[   13.915938] systemd[1]: Starting Uncomplicated firewall...
         Starting Uncomplicated firewall...
[   13.961342] systemd[1]: Mounting POSIX Message Queue File System...
         Mounting POSIX Message Queue File System...
[   14.023714] systemd[1]: Starting Set console keymap...
         Starting Set console keymap...
[   14.110056] systemd[1]: Reached target System Time Synchronized.
[[0;32m  OK  [0m] Reached target System Time Synchronized.
[   14.131647] systemd[1]: Reached target Swap.
[[0;32m  OK  [0m] Reached target Swap.
[   14.171672] systemd[1]: Starting Nameserver information manager...
         Starting Nameserver information manager...
[   14.216147] systemd[1]: Listening on LVM2 metadata daemon socket.
[[0;32m  OK  [0m] Listening on LVM2 metadata daemon socket.
[   14.263952] systemd[1]: Starting Monitoring of LVM2 mirrors, snapshots etc. using dmeventd or progress polling...
         Starting Monitoring of LVM2 mirrors... dmeventd or progress polling...
[   14.348430] systemd[1]: Mounted Huge Pages File System.
[[0;32m  OK  [0m] Mounted Huge Pages File System.
[   14.352004] systemd[1]: Mounted Debug File System.
[[0;32m  OK  [0m] Mounted Debug File System.
[   14.355145] systemd[1]: Mounted POSIX Message Queue File System.
[[0;32m  OK  [0m] Mounted POSIX Message Queue File System.
[   14.358938] systemd[1]: Started Journal Service.
[[0;32m  OK  [0m] Started Journal Service.
[[0;32m  OK  [0m] Started Remount Root and Kernel File Systems.
[[0;32m  OK  [0m] Started Load Kernel Modules.
[[0;32m  OK  [0m] Started Create list of required sta...ce nodes for the current kernel.
[[0;32m  OK  [0m] Started Uncomplicated firewall.
[[0;32m  OK  [0m] Started Set console keymap.
[[0;32m  OK  [0m] Started LVM2 metadata daemon.
         Starting Create Static Device Nodes in /dev...
         Starting Apply Kernel Variables...
         Mounting FUSE Control File System...
         Starting Load/Save Random Seed...
         Starting udev Coldplug all Devices...
         Starting Flush Journal to Persistent Storage...
[[0;32m  OK  [0m] Mounted FUSE Control File System.
[[0;32m  OK  [0m] Started Nameserver information manager.
[[0;32m  OK  [0m] Started Create Static Device Nodes in /dev.
[[0;32m  OK  [0m] Started Apply Kernel Variables.
[[0;32m  OK  [0m] Started Load/Save Random Seed.
         Starting udev Kernel Device Manager...
[[0;32m  OK  [0m] Started Flush Journal to Persistent Storage.
[[0;32m  OK  [0m] Started udev Coldplug all Devices.
[[0;32m  OK  [0m] Started udev Kernel Device Manager.
[[0;32m  OK  [0m] Started Dispatch Password Requests to Console Directory Watch.
[[0;32m  OK  [0m] Found device /dev/ttyS0.
[[0;32m  OK  [0m] Listening on Load/Save RF Kill Switch Status /dev/rfkill Watch.
[[0;32m  OK  [0m] Started Monitoring of LVM2 mirrors,...ng dmeventd or progress polling.
[[0;32m  OK  [0m] Reached target Local File Systems (Pre).
[[0;32m  OK  [0m] Reached target Local File Systems.
         Starting Initial cloud-init job (pre-networking)...
         Starting Set console font and keymap...
         Starting Commit a transient machine-id on disk...
         Starting Create Volatile Files and Directories...
         Starting Tell Plymouth To Write Out Runtime Data...
         Starting LSB: AppArmor initialization...
[[0;32m  OK  [0m] Started Commit a transient machine-id on disk.
[[0;32m  OK  [0m] Started Create Volatile Files and Directories.
[[0;32m  OK  [0m] Started Tell Plymouth To Write Out Runtime Data.
         Starting Update UTMP about System Boot/Shutdown...
[[0;32m  OK  [0m] Started Update UTMP about System Boot/Shutdown.
[[0;32m  OK  [0m] Started Set console font and keymap.
[[0;32m  OK  [0m] Created slice system-getty.slice.
[[0;32m  OK  [0m] Started LSB: AppArmor initialization.
[   13.869244] cloud-init[607]: Cloud-init v. 20.2-45-g5f7825e2-0ubuntu1~16.04.1 running 'init-local' at Sat, 12 Dec 2020 20:36:09 +0000. Up 13.52 seconds.
         Starting Load AppArmor profiles managed internally by snapd...
[[0;32m  OK  [0m] Started Load AppArmor profiles managed internally by snapd.
[[0;32m  OK  [0m] Started Initial cloud-init job (pre-networking).
[[0;32m  OK  [0m] Reached target Network (Pre).
         Starting Raise network interfaces...
[[0;32m  OK  [0m] Started Raise network interfaces.
[[0;32m  OK  [0m] Reached target Network.
         Starting Initial cloud-init job (metadata service crawler)...
[   15.047068] cloud-init[962]: Cloud-init v. 20.2-45-g5f7825e2-0ubuntu1~16.04.1 running 'init' at Sat, 12 Dec 2020 20:36:10 +0000. Up 14.58 seconds.
[   15.145214] cloud-init[962]: ci-info: ++++++++++++++++++++++++++++++++++++++Net device info++++++++++++++++++++++++++++++++++++++
[[0;32m  OK  [0m] Started Initial cloud-init job (metadata service crawler).
[   15.146687] cloud-init[962]: ci-info: +--------+-------+---------------------------+---------------+--------+-------------------+
[   15.193170] cloud-init[962]: ci-info: | Device |   Up  |          Address          |      Mask     | Scope  |     Hw-Address    |
[[0;32m  OK  [0m] Reached target System Initialization.
[[   15.193827] cloud-init[962]: ci-info: +--------+-------+---------------------------+---------------+--------+-------------------+
[   15.240389] cloud-init[962]: ci-info: | enp0s3 |  True |         10.0.2.15         | 255.255.255.0 | global | 02:8f:67:5f:07:a5 |
[0;32m  OK  [0m] Started Message of the Day.
[[   15.241078] cloud-init[962]: ci-info: | enp0s3 |  True | fe80::8f:67ff:fe5f:7a5/64 |       .       |  link  | 02:8f:67:5f:07:a5 |
[   15.327510] cloud-init[962]: ci-info: | enp0s8 | False |             .             |       .       |   .    | 08:00:27:01:fd:f2 |
[   15.328175] cloud-init[962]: ci-info: |   lo   |  True |         127.0.0.1         |   255.0.0.0   |  host  |         .         |
[0;32m  OK  [0m[   15.328209] ] cloud-initListening on D-Bus System Message Bus Socket.[962]: 
ci-info: |   lo   |  True |          ::1/128          |       .       |  host  |         .         |
[   15.328247] cloud-init[962]: ci-info: +--------+-------+---------------------------+---------------+--------+-------------------+
[   15.589654] cloud-init[962]: ci-info: +++++++++++++++++++++++++++Route IPv4 info++++++++++++++++++++++++++++
[   15.590292] cloud-init[962]: ci-info: +-------+-------------+----------+---------------+-----------+-------+
[[0;32m  OK  [0m] Started ACPI Events Check.
[   15.593653] cloud-init[962]: ci-info: | Route | Destination | Gateway  |    Genmask    | Interface | Flags |
[[0;32m  OK  [0m] Reached target Paths.
[[0;32m  OK  [0m[   15.629314] ] cloud-initStarted Daily apt download activities.[962]: 
ci-info: +-------+-------------+----------+---------------+-----------+-------+
[[   15.772582] cloud-init[962]: ci-info: |   0   |   0.0.0.0   | 10.0.2.2 |    0.0.0.0    |   enp0s3  |   UG  |
[   15.773313] cloud-init[962]: ci-info: |   1   |   10.0.2.0  | 0.0.0.0  | 255.255.255.0 |   enp0s3  |   U   |
[0;32m  OK  [0m] Listening on UUID daemon activation socket.
[   15.774179] cloud-init[962]: ci-info: +-------+-------------+----------+---------------+-----------+-------+
[   15.901006] cloud-init[962]: ci-info: +++++++++++++++++++Route IPv6 info+++++++++++++++++++
[   15.901758] cloud-init[962]: ci-info: +-------+-------------+---------+-----------+-------+
[   15.902683] cloud-init[962]: ci-info: | Route | Destination | Gateway | Interface | Flags |
[[0;32m  OK  [0m] Started Daily apt upgrade and clean activities.
[[   15.904405] cloud-init[962]: ci-info: +-------+-------------+---------+-----------+-------+
[   15.927607] cloud-init[962]: ci-info: |   0   |  fe80::/64  |    ::   |   enp0s3  |   U   |
[   15.929755] cloud-init[962]: ci-info: |   3   |   ff00::/8  |    ::   |   enp0s3  |   U   |
[0;32m  OK  [0m] Listening on ACPID Listen Socket.
         Starting LXD - unix socket.[   15.930663] cloud-init[962]: ci-info: +-------+-------------+---------+-----------+-------+
[   15.956582] cloud-init[962]: Generating public/private rsa key pair.
[   15.957223] cloud-init[962]: Your identification has been saved in /etc/ssh/ssh_host_rsa_key.
[   15.957823] cloud-init[962]: Your public key has been saved in /etc/ssh/ssh_host_rsa_key.pub.

[[   15.958481] cloud-init[962]: The key fingerprint is:
[   16.010903] cloud-init[962]: SHA256:XgQ7iy1OEhzjeaaDB7NwZofFXmzboqCgk8O3CYxtCUg root@ubuntu-xenial
[   16.011338] cloud-init[962]: The key's randomart image is:
[0;32m  OK  [0m] Started Daily Cleanup of Temporary Directories.
[   16.011912] cloud-init[962]: +---[RSA 2048]----+
[   16.136543] cloud-init[962]: |   .+.  .        |
[   16.137203] cloud-init[962]: | E =.++  o       |
[   16.137968] cloud-init[962]: |+ B.*oooo .      |
[   16.138686] cloud-init[962]: |+=.*.=oo.+       |
[   16.139717] cloud-init[962]: |*=oo=.+.S .      |[
[0;32m  OK  [0m] Reached target Timers.
[   16.139797] cloud-init[962]: |B++o.= o .       |
[   16.250433] cloud-init[962]: | +o o . .        |
[   16.251141] cloud-init[962]: |   o             |
         Starting Socket activation for snappy daemon.
[   16.252228] cloud-init[962]: |                 |
[[0;32m  OK  [0m] Reached target Network is Online.
[   16.283405] cloud-init[962]: +----[SHA256]-----+
[   16.323886] cloud-init[962]: Generating public/private dsa key pair.
[   16.344657] cloud-init[962]: Your identification has been saved in /etc/ssh/ssh_host_dsa_key.
[   16.345737] cloud-init[962]: Your public key has been saved in /etc/ssh/ssh_host_dsa_key.pub.
         Starting iSCSI initiator daemon (iscsid)...
[   16.346854] cloud-init[962]: The key fingerprint is:
[   16.417682] cloud-init[962]: SHA256:Kz/zb2JbsGqpwJAhNVMxoMbA7Uoohn//EngT853drRk root@ubuntu-xenial
[[0;32m  OK  [0m] Reached target Cloud-config availability.
[   16.418623] cloud-init[962]: The key's randomart image is:
[   16.464026] cloud-init[962]: +---[DSA 1024]----+
[   16.465821] cloud-init[962]: |o *o+.           |
[   16.466614] cloud-init[962]: |o+ + .           |
[[   16.466653] [0;32m  OK  [0mcloud-init] [962]: Listening on LXD - unix socket.|=oo              |

[   16.466694] cloud-init[962]: |=+ +  o          |
[   16.483488] cloud-init[962]: |+.+  . +S..o . . |
[   16.484530] cloud-init[962]: | ..oo + ..oo. E .|
[   16.485282] cloud-init[962]: |   .oo.o... .  + |
[   16.485321] cloud-init[962]: |     .oo=.o.. o  |
[   16.485365] cloud-init[962]: |      .=+=o=.    |
[   16.487432] cloud-init[962]: +----[SHA256]-----+
[[0;32m  OK  [0m] Listening on Socket activation for snappy daemon.
[   16.488257] cloud-init[962]: Generating public/private ecdsa key pair.
[   16.552892] cloud-init[962]: Your identification has been saved in /etc/ssh/ssh_host_ecdsa_key.
[[   16.559680] cloud-init[962]: Your public key has been saved in /etc/ssh/ssh_host_ecdsa_key.pub.
[   16.560611] cloud-init[962]: The key fingerprint is:
[   16.561051] cloud-init[962]: SHA256:BeBfA/tUOyafYJJyMTdQgfgwqTuFTcQAmt5QzZ8VWnI root@ubuntu-xenial
[   16.561419] cloud-init[962]: The key's randomart image is:
[   16.561762] cloud-init[962]: +---[ECDSA 256]---+
[   16.562102] cloud-init[962]: |  .o++o=*E*..    |
[   16.562520] cloud-init[962]: | o.  +B *X o .   |
[   16.562855] cloud-init[962]: |o.   =+=B O +    |
[   16.563183] cloud-init[962]: |. o o o*.B * o   |
[   16.563503] cloud-init[962]: | . . o  S . o    |
[   16.563892] cloud-init[962]: |    o            |
[   16.564583] cloud-init[962]: |     .           |
[   16.564906] cloud-init[962]: |                 |
[   16.565253] cloud-init[962]: |                 |
[   16.565687] cloud-init[962]: +----[SHA256]-----+
[   16.566032] cloud-init[962]: Generating public/private ed25519 key pair.
[   16.566387] cloud-init[962]: Your identification has been saved in /etc/ssh/ssh_host_ed25519_key.
[   16.566749] cloud-init[962]: Your public key has been saved in /etc/ssh/ssh_host_ed25519_key.pub.
[   16.567183] cloud-init[962]: The key fingerprint is:
[   16.567555] cloud-init[962]: SHA256:8bzr73EB/3pX1tWEP6B33L+FmHdeguztf78k78yBZt8 root@ubuntu-xenial
[   16.568123] cloud-init[962]: The key's randomart image is:
[   16.568546] cloud-init[962]: +--[ED25519 256]--+
[   16.569009] cloud-init[962]: |               . |
[   16.570080] cloud-init[962]: |             .. .|
[   16.571771] cloud-init[962]: |        .   o ooo|
[   16.571931] cloud-init[962]: |         + . + +=|
[   16.572753] cloud-init[962]: |        S o..++.=|
[   16.573115] cloud-init[962]: |           .= =oO|
[   16.573436] cloud-init[962]: |          ...B.B*|
[   16.573753] cloud-init[962]: |           .+oOoB|
[   16.574271] cloud-init[962]: |         .ooo.+XE|
[   16.574632] cloud-init[962]: +----[SHA256]-----+
[0;32m  OK  [0m] Reached target Sockets.
[[0;32m  OK  [0m] Reached target Basic System.
[[0;32m  OK  [0m] Started ACPI event daemon.
         Starting Login Service...
         Starting Pollinate to seed the pseudo random number generator...
         Starting LXD - container startup/shutdown...
         Starting Virtualbox guest utils...
         Starting /etc/rc.local Compatibility...
         Starting Accounts Service...
         Starting LSB: Record successful boot for GRUB...
[[0;32m  OK  [0m] Started Regular background program processing daemon.
         Starting System Logging Service...
[[0;32m  OK  [0m] Started FUSE filesystem for LXC.
         Starting LSB: MD monitoring daemon...
         Starting Snap Daemon...
[[0;32m  OK  [0m] Started Deferred execution scheduler.
[[0;32m  OK  [0m] Started D-Bus System Message Bus.
[[0;32m  OK  [0m] Started System Logging Service.
[[0;32m  OK  [0m] Started iSCSI initiator daemon (iscsid).
[[0;32m  OK  [0m] Started LXD - container startup/shutdown.
[[0;32m  OK  [0m] Started /etc/rc.local Compatibility.
[[0;32m  OK  [0m] Started Login Service.
[[0;32m  OK  [0m] Started LSB: Record successful boot for GRUB.
[[0;32m  OK  [0m] Started LSB: MD monitoring daemon.
[[0;32m  OK  [0m] Started Unattended Upgrades Shutdown.
         Starting Authenticate and Authorize Users to Run Privileged Tasks...
         Starting Login to default iSCSI targets...
[[0;32m  OK  [0m] Started Virtualbox guest utils.
[[0;32m  OK  [0m] Started Login to default iSCSI targets.
[[0;32m  OK  [0m] Started Authenticate and Authorize Users to Run Privileged Tasks.
[[0;32m  OK  [0m] Started Accounts Service.
[[0;32m  OK  [0m] Reached target Remote File Systems (Pre).
[[0;32m  OK  [0m] Reached target Remote File Systems.
         Starting LSB: daemon to balance interrupts for SMP systems...
         Starting LSB: Set the CPU Frequency Scaling governor to "ondemand"...
         Starting LSB: automatic crash report generation...
         Starting Permit User Sessions...
[[0;32m  OK  [0m] Started Permit User Sessions.
         Starting Hold until boot process finishes up...
         Starting Terminate Plymouth Boot Screen...
[[0;32m  OK  [0m] Started Hold until boot process finishes up.
[[0;32m  OK  [0m] Started Terminate Plymouth Boot Screen.
[[0;32m  OK  [0m] Started Snap Daemon.
         Starting Wait until snapd is fully seeded...
[[0;32m  OK  [0m] Started Getty on tty1.
         Starting Set console scheme...
[[0;32m  OK  [0m] Started Serial Getty on ttyS0.
[[0;32m  OK  [0m] Reached target Login Prompts.
[[0;32m  OK  [0m] Started LSB: Set the CPU Frequency Scaling governor to "ondemand".
[[0;32m  OK  [0m] Started LSB: daemon to balance interrupts for SMP systems.
[[0;32m  OK  [0m] Started LSB: automatic crash report generation.
[[0;32m  OK  [0m] Started Set console scheme.
[[0;32m  OK  [0m] Started Pollinate to seed the pseudo random number generator.
         Starting OpenBSD Secure Shell server...
[[0;32m  OK  [0m] Started OpenBSD Secure Shell server.
[[0;32m  OK  [0m] Created slice User Slice of vagrant.
         Starting User Manager for UID 1000...
[[0;32m  OK  [0m] Started User Manager for UID 1000.
[[0;32m  OK  [0m] Started Session 1 of user vagrant.
         Stopping User Manager for UID 1000...
[[0;32m  OK  [0m] Stopped User Manager for UID 1000.
[[0;32m  OK  [0m] Removed slice User Slice of vagrant.
[[0;32m  OK  [0m] Created slice User Slice of vagrant.
         Starting User Manager for UID 1000...
[[0;32m  OK  [0m] Started Session 2 of user vagrant.
[[0;32m  OK  [0m] Started User Manager for UID 1000.
[[0;32m  OK  [0m] Started Wait until snapd is fully seeded.
[[0;32m  OK  [0m] Reached target Multi-User System.
[[0;32m  OK  [0m] Reached target Graphical Interface.
         Starting Update UTMP about System Runlevel Changes...
         Starting Apply the settings specified in cloud-config...
[[0;32m  OK  [0m] Started Update UTMP about System Runlevel Changes.
[   20.430107] cloud-init[1590]: Generating locales (this might take a while)...
[   21.205843] cloud-init[1590]:   en_US.UTF-8... done
[   21.215296] cloud-init[1590]: Generation complete.
[   21.538751] cloud-init[1590]: Cloud-init v. 20.2-45-g5f7825e2-0ubuntu1~16.04.1 running 'modules:config' at Sat, 12 Dec 2020 20:36:15 +0000. Up 20.34 seconds.
[[0;32m  OK  [0m] Started Apply the settings specified in cloud-config.
         Starting Execute cloud user/final scripts...
         Stopping Virtualbox guest utils...
[[0;32m  OK  [0m] Stopped Virtualbox guest utils.
ci-info: no authorized SSH keys fingerprints found for user ubuntu.
<14>Dec 12 20:36:17 ec2: 
<14>Dec 12 20:36:17 ec2: #############################################################
<14>Dec 12 20:36:17 ec2: -----BEGIN SSH HOST KEY FINGERPRINTS-----
<14>Dec 12 20:36:17 ec2: 1024 SHA256:Kz/zb2JbsGqpwJAhNVMxoMbA7Uoohn//EngT853drRk root@ubuntu-xenial (DSA)
<14>Dec 12 20:36:17 ec2: 256 SHA256:BeBfA/tUOyafYJJyMTdQgfgwqTuFTcQAmt5QzZ8VWnI root@ubuntu-xenial (ECDSA)
<14>Dec 12 20:36:17 ec2: 256 SHA256:8bzr73EB/3pX1tWEP6B33L+FmHdeguztf78k78yBZt8 root@ubuntu-xenial (ED25519)
<14>Dec 12 20:36:17 ec2: 2048 SHA256:XgQ7iy1OEhzjeaaDB7NwZofFXmzboqCgk8O3CYxtCUg root@ubuntu-xenial (RSA)
<14>Dec 12 20:36:17 ec2: -----END SSH HOST KEY FINGERPRINTS-----
<14>Dec 12 20:36:17 ec2: #############################################################
-----BEGIN SSH HOST KEY KEYS-----
ecdsa-sha2-nistp256 AAAAE2VjZHNhLXNoYTItbmlzdHAyNTYAAAAIbmlzdHAyNTYAAABBBBbN69HqR7HRW5lQQJrhdND86sGndJiAeupZWDN2XUc1ANUwcCsz3k/op/Gnmqb7WE7oGSNG9XPFObAuHC4ZhN0= root@ubuntu-xenial
ssh-ed25519 AAAAC3NzaC1lZDI1NTE5AAAAIPLmIUkGpheF0pIT4TDKyWDu2guljqPYcNeAZZSFrsTp root@ubuntu-xenial
ssh-rsa AAAAB3NzaC1yc2EAAAADAQABAAABAQC+Qil7iJB1emVk1GB7/Zu3MTvbiP+ISwFp9V5ojt0HVu82yeUyJxrfWAftgdpkO9/v2PxK1mY9YFCYG8AV5mswXhNGwdb+xz+PROeZgy53ITcLaXQWPMlcDt15Bo+6t58Hums39tS+fGz5NN0Z/qCPEupBD+Gza/ZvqdO1noKHjo+LPR6YRrawndmFNPYHvLghFvijHA86cN2ihmWqPCcF0YSXmSIhYkwqAJFzLCVzf9v+P4bGoNfTndh+pKhS2iwbY2Z4ZfNbbZ+rJkuqQBBV0FM5vzC4O9y1AiZvTxm16Dgb15RK5WpvKATgjYqlRk9bDab+FJHDH/PpkW4dUQSr root@ubuntu-xenial
-----END SSH HOST KEY KEYS-----
[   22.493915] cloud-init[1698]: Cloud-init v. 20.2-45-g5f7825e2-0ubuntu1~16.04.1 running 'modules:final' at Sat, 12 Dec 2020 20:36:17 +0000. Up 21.93 seconds.
[   22.494896] cloud-init[1698]: ci-info: no authorized SSH keys fingerprints found for user ubuntu.
[   22.495134] cloud-init[1698]: Cloud-init v. 20.2-45-g5f7825e2-0ubuntu1~16.04.1 finished at Sat, 12 Dec 2020 20:36:18 +0000. Datasource DataSourceNoCloud [seed=/dev/sdb][dsmode=net].  Up 22.48 seconds

Ubuntu 16.04.7 LTS ubuntu-xenial ttyS0

ubuntu-xenial login: 