[    0.000000] Initializing cgroup subsys cpuset
[    0.000000] Initializing cgroup subsys cpu
[    0.000000] Initializing cgroup subsys cpuacct
[    0.000000] Linux version 4.4.0-210-generic (buildd@lgw01-amd64-009) (gcc version 5.4.0 20160609 (Ubuntu 5.4.0-6ubuntu1~16.04.12) ) #242-Ubuntu SMP Fri Apr 16 09:57:56 UTC 2021 (Ubuntu 4.4.0-210.242-generic 4.4.262)
[    0.000000] Command line: BOOT_IMAGE=/boot/vmlinuz-4.4.0-210-generic root=LABEL=cloudimg-rootfs ro console=tty1 console=ttyS0
[    0.000000] KERNEL supported cpus:
[    0.000000]   Intel GenuineIntel
[    0.000000]   AMD AuthenticAMD
[    0.000000]   Centaur CentaurHauls
[    0.000000] x86/fpu: xstate_offset[2]:  576, xstate_sizes[2]:  256
[    0.000000] x86/fpu: Supporting XSAVE feature 0x01: 'x87 floating point registers'
[    0.000000] x86/fpu: Supporting XSAVE feature 0x02: 'SSE registers'
[    0.000000] x86/fpu: Supporting XSAVE feature 0x04: 'AVX registers'
[    0.000000] x86/fpu: Enabled xstate features 0x7, context size is 832 bytes, using 'standard' format.
[    0.000000] e820: BIOS-provided physical RAM map:
[    0.000000] BIOS-e820: [mem 0x0000000000000000-0x000000000009fbff] usable
[    0.000000] BIOS-e820: [mem 0x000000000009fc00-0x000000000009ffff] reserved
[    0.000000] BIOS-e820: [mem 0x00000000000f0000-0x00000000000fffff] reserved
[    0.000000] BIOS-e820: [mem 0x0000000000100000-0x000000003ffeffff] usable
[    0.000000] BIOS-e820: [mem 0x000000003fff0000-0x000000003fffffff] ACPI data
[    0.000000] BIOS-e820: [mem 0x00000000fec00000-0x00000000fec00fff] reserved
[    0.000000] BIOS-e820: [mem 0x00000000fee00000-0x00000000fee00fff] reserved
[    0.000000] BIOS-e820: [mem 0x00000000fffc0000-0x00000000ffffffff] reserved
[    0.000000] NX (Execute Disable) protection: active
[    0.000000] SMBIOS 2.5 present.
[    0.000000] Hypervisor detected: KVM
[    0.000000] e820: last_pfn = 0x3fff0 max_arch_pfn = 0x400000000
[    0.000000] MTRR: Disabled
[    0.000000] x86/PAT: MTRRs disabled, skipping PAT initialization too.
[    0.000000] CPU MTRRs all blank - virtualized system.
[    0.000000] x86/PAT: Configuration [0-7]: WB  WT  UC- UC  WB  WT  UC- UC  
[    0.000000] found SMP MP-table at [mem 0x0009fff0-0x0009ffff] mapped at [ffff88000009fff0]
[    0.000000] Scanning 1 areas for low memory corruption
[    0.000000] RAMDISK: [mem 0x362de000-0x37166fff]
[    0.000000] ACPI: Early table checksum verification disabled
[    0.000000] ACPI: RSDP 0x00000000000E0000 000024 (v02 VBOX  )
[    0.000000] ACPI: XSDT 0x000000003FFF0030 00003C (v01 VBOX   VBOXXSDT 00000001 ASL  00000061)
[    0.000000] ACPI: FACP 0x000000003FFF00F0 0000F4 (v04 VBOX   VBOXFACP 00000001 ASL  00000061)
[    0.000000] ACPI: DSDT 0x000000003FFF0470 002325 (v02 VBOX   VBOXBIOS 00000002 INTL 20120111)
[    0.000000] ACPI: FACS 0x000000003FFF0200 000040
[    0.000000] ACPI: FACS 0x000000003FFF0200 000040
[    0.000000] ACPI: APIC 0x000000003FFF0240 00005C (v02 VBOX   VBOXAPIC 00000001 ASL  00000061)
[    0.000000] ACPI: SSDT 0x000000003FFF02A0 0001CC (v01 VBOX   VBOXCPUT 00000002 INTL 20120111)
[    0.000000] No NUMA configuration found
[    0.000000] Faking a node at [mem 0x0000000000000000-0x000000003ffeffff]
[    0.000000] NODE_DATA(0) allocated [mem 0x3ffeb000-0x3ffeffff]
[    0.000000] kvm-clock: Using msrs 4b564d01 and 4b564d00
[    0.000000] kvm-clock: cpu 0, msr 0:3ffe3001, primary cpu clock
[    0.000000] kvm-clock: using sched offset of 3312412791 cycles
[    0.000000] clocksource: kvm-clock: mask: 0xffffffffffffffff max_cycles: 0x1cd42e4dffb, max_idle_ns: 881590591483 ns
[    0.000000] Zone ranges:
[    0.000000]   DMA      [mem 0x0000000000001000-0x0000000000ffffff]
[    0.000000]   DMA32    [mem 0x0000000001000000-0x000000003ffeffff]
[    0.000000]   Normal   empty
[    0.000000]   Device   empty
[    0.000000] Movable zone start for each node
[    0.000000] Early memory node ranges
[    0.000000]   node   0: [mem 0x0000000000001000-0x000000000009efff]
[    0.000000]   node   0: [mem 0x0000000000100000-0x000000003ffeffff]
[    0.000000] Initmem setup node 0 [mem 0x0000000000001000-0x000000003ffeffff]
[    0.000000] ACPI: PM-Timer IO Port: 0x4008
[    0.000000] IOAPIC[0]: apic_id 2, version 32, address 0xfec00000, GSI 0-23
[    0.000000] ACPI: INT_SRC_OVR (bus 0 bus_irq 0 global_irq 2 dfl dfl)
[    0.000000] ACPI: INT_SRC_OVR (bus 0 bus_irq 9 global_irq 9 low level)
[    0.000000] Using ACPI (MADT) for SMP configuration information
[    0.000000] smpboot: Allowing 2 CPUs, 0 hotplug CPUs
[    0.000000] PM: Registered nosave memory: [mem 0x00000000-0x00000fff]
[    0.000000] PM: Registered nosave memory: [mem 0x0009f000-0x0009ffff]
[    0.000000] PM: Registered nosave memory: [mem 0x000a0000-0x000effff]
[    0.000000] PM: Registered nosave memory: [mem 0x000f0000-0x000fffff]
[    0.000000] e820: [mem 0x40000000-0xfebfffff] available for PCI devices
[    0.000000] Booting paravirtualized kernel on KVM
[    0.000000] clocksource: refined-jiffies: mask: 0xffffffff max_cycles: 0xffffffff, max_idle_ns: 7645519600211568 ns
[    0.000000] setup_percpu: NR_CPUS:512 nr_cpumask_bits:512 nr_cpu_ids:2 nr_node_ids:1
[    0.000000] PERCPU: Embedded 33 pages/cpu @ffff88003fc00000 s95192 r8192 d31784 u1048576
[    0.000000] Built 1 zonelists in Node order, mobility grouping on.  Total pages: 257912
[    0.000000] Policy zone: DMA32
[    0.000000] Kernel command line: BOOT_IMAGE=/boot/vmlinuz-4.4.0-210-generic root=LABEL=cloudimg-rootfs ro console=tty1 console=ttyS0
[    0.000000] PID hash table entries: 4096 (order: 3, 32768 bytes)
[    0.000000] Memory: 997796K/1048120K available (8644K kernel code, 1332K rwdata, 4044K rodata, 1492K init, 1164K bss, 50324K reserved, 0K cma-reserved)
[    0.000000] SLUB: HWalign=64, Order=0-3, MinObjects=0, CPUs=2, Nodes=1
[    0.000000] Kernel/User page tables isolation: enabled
[    0.000000] Hierarchical RCU implementation.
[    0.000000] 	Build-time adjustment of leaf fanout to 64.
[    0.000000] 	RCU restricting CPUs from NR_CPUS=512 to nr_cpu_ids=2.
[    0.000000] RCU: Adjusting geometry for rcu_fanout_leaf=64, nr_cpu_ids=2
[    0.000000] NR_IRQS:33024 nr_irqs:440 16
[    0.000000] Console: colour VGA+ 80x25
[    0.000000] console [tty1] enabled
[    0.000000] console [ttyS0] enabled
[    0.000000] tsc: Detected 2208.000 MHz processor
[    0.145637] Calibrating delay loop (skipped) preset value.. 4416.00 BogoMIPS (lpj=8832000)
[    0.147384] pid_max: default: 32768 minimum: 301
[    0.148332] ACPI: Core revision 20150930
[    0.149885] ACPI: 2 ACPI AML tables successfully acquired and loaded
[    0.151216] Security Framework initialized
[    0.152083] Yama: becoming mindful.
[    0.152881] AppArmor: AppArmor initialized
[    0.153826] Dentry cache hash table entries: 131072 (order: 8, 1048576 bytes)
[    0.156590] Inode-cache hash table entries: 65536 (order: 7, 524288 bytes)
[    0.158020] Mount-cache hash table entries: 2048 (order: 2, 16384 bytes)
[    0.159444] Mountpoint-cache hash table entries: 2048 (order: 2, 16384 bytes)
[    0.160890] Initializing cgroup subsys io
[    0.161762] Initializing cgroup subsys memory
[    0.162665] Initializing cgroup subsys devices
[    0.163576] Initializing cgroup subsys freezer
[    0.164486] Initializing cgroup subsys net_cls
[    0.165421] Initializing cgroup subsys perf_event
[    0.166381] Initializing cgroup subsys net_prio
[    0.167304] Initializing cgroup subsys hugetlb
[    0.168212] Initializing cgroup subsys pids
[    0.180177] mce: CPU supports 0 MCE banks
[    0.181139] Last level iTLB entries: 4KB 64, 2MB 8, 4MB 8
[    0.182239] Last level dTLB entries: 4KB 64, 2MB 0, 4MB 0, 1GB 4
[    0.183439] Spectre V1 : Mitigation: usercopy/swapgs barriers and __user pointer sanitization
[    0.185229] Spectre V2 : Mitigation: Full generic retpoline
[    0.186355] Spectre V2 : Spectre v2 / SpectreRSB mitigation: Filling RSB on context switch
[    0.188086] Speculative Store Bypass: Vulnerable
[    0.189045] SRBDS: Unknown: Dependent on hypervisor status
[    0.190196] MDS: Mitigation: Clear CPU buffers
[    0.193280] Freeing SMP alternatives memory: 36K
[    0.199122] ftrace: allocating 32380 entries in 127 pages
[    0.247875] smpboot: APIC(0) Converting physical 0 to logical package 0
[    0.249289] smpboot: Max logical packages: 1
[    0.250381] x2apic enabled
[    0.251180] Switched APIC routing to physical x2apic.
[    0.253087] ..TIMER: vector=0x30 apic1=0 pin1=2 apic2=-1 pin2=-1
[    0.362353] smpboot: CPU0: Intel(R) Core(TM) i7-8750H CPU @ 2.20GHz (family: 0x6, model: 0x9e, stepping: 0xa)
[    0.364577] Performance Events: unsupported p6 CPU model 158 no PMU driver, software events only.
[    0.373542] KVM setup paravirtual spinlock
[    0.375157] x86: Booting SMP configuration:
[    0.376045] .... node  #0, CPUs:      #1
[    0.377102] kvm-clock: cpu 1, msr 0:3ffe3041, secondary cpu clock
[    0.389157] mce: CPU supports 0 MCE banks
[    0.391827] x86: Booted up 1 node, 2 CPUs
[    0.392821] smpboot: Total of 2 processors activated (8832.00 BogoMIPS)
[    0.394381] devtmpfs: initialized
[    0.396673] evm: security.selinux
[    0.397420] evm: security.SMACK64
[    0.398145] evm: security.SMACK64EXEC
[    0.398996] evm: security.SMACK64TRANSMUTE
[    0.399889] evm: security.SMACK64MMAP
[    0.400767] evm: security.ima
[    0.401446] evm: security.capability
[    0.402438] clocksource: jiffies: mask: 0xffffffff max_cycles: 0xffffffff, max_idle_ns: 7645041785100000 ns
[    0.404668] futex hash table entries: 512 (order: 3, 32768 bytes)
[    0.406245] pinctrl core: initialized pinctrl subsystem
[    0.407469] RTC time: 19:30:43, date: 06/20/21
[    0.408779] NET: Registered protocol family 16
[    0.418886] cpuidle: using governor ladder
[    0.431382] cpuidle: using governor menu
[    0.432789] PCCT header not found.
[    0.433903] ACPI: bus type PCI registered
[    0.435052] acpiphp: ACPI Hot Plug PCI Controller Driver version: 0.5
[    0.436937] PCI: Using configuration type 1 for base access
[    0.451969] ACPI: Added _OSI(Module Device)
[    0.453230] ACPI: Added _OSI(Processor Device)
[    0.454441] ACPI: Added _OSI(3.0 _SCP Extensions)
[    0.455714] ACPI: Added _OSI(Processor Aggregator Device)
[    0.457981] ACPI: Executed 1 blocks of module-level executable AML code
[    0.462197] ACPI: Interpreter enabled
[    0.463324] ACPI: (supports S0 S5)
[    0.464413] ACPI: Using IOAPIC for interrupt routing
[    0.465857] PCI: Using host bridge windows from ACPI; if necessary, use "pci=nocrs" and report a bug
[    0.472748] ACPI: PCI Root Bridge [PCI0] (domain 0000 [bus 00-ff])
[    0.474215] acpi PNP0A03:00: _OSC: OS supports [ASPM ClockPM Segments MSI]
[    0.476077] acpi PNP0A03:00: _OSC: not requesting OS control; OS requires [ExtendedConfig ASPM ClockPM MSI]
[    0.478301] acpi PNP0A03:00: fail to add MMCONFIG information, can't access extended PCI configuration space under this bridge.
[    0.481236] PCI host bridge to bus 0000:00
[    0.482229] pci_bus 0000:00: root bus resource [io  0x0000-0x0cf7 window]
[    0.483661] pci_bus 0000:00: root bus resource [io  0x0d00-0xffff window]
[    0.485198] pci_bus 0000:00: root bus resource [mem 0x000a0000-0x000bffff window]
[    0.486922] pci_bus 0000:00: root bus resource [mem 0x40000000-0xfdffffff window]
[    0.488591] pci_bus 0000:00: root bus resource [bus 00-ff]
[    0.492193] pci 0000:00:01.1: legacy IDE quirk: reg 0x10: [io  0x01f0-0x01f7]
[    0.493550] pci 0000:00:01.1: legacy IDE quirk: reg 0x14: [io  0x03f6]
[    0.494901] pci 0000:00:01.1: legacy IDE quirk: reg 0x18: [io  0x0170-0x0177]
[    0.503382] pci 0000:00:01.1: legacy IDE quirk: reg 0x1c: [io  0x0376]
[    0.514789] pci 0000:00:07.0: quirk: [io  0x4000-0x403f] claimed by PIIX4 ACPI
[    0.516427] pci 0000:00:07.0: quirk: [io  0x4100-0x410f] claimed by PIIX4 SMB
[    0.524930] ACPI: PCI Interrupt Link [LNKA] (IRQs 5 9 10 *11)
[    0.526779] ACPI: PCI Interrupt Link [LNKB] (IRQs 5 9 *10 11)
[    0.528661] ACPI: PCI Interrupt Link [LNKC] (IRQs 5 *9 10 11)
[    0.530552] ACPI: PCI Interrupt Link [LNKD] (IRQs 5 9 10 *11)
[    0.532203] ACPI: Enabled 2 GPEs in block 00 to 07
[    0.533759] vgaarb: setting as boot device: PCI:0000:00:02.0
[    0.535088] vgaarb: device added: PCI:0000:00:02.0,decodes=io+mem,owns=io+mem,locks=none
[    0.536892] vgaarb: loaded
[    0.537566] vgaarb: bridge control possible 0000:00:02.0
[    0.538935] SCSI subsystem initialized
[    0.539952] ACPI: bus type USB registered
[    0.540916] usbcore: registered new interface driver usbfs
[    0.542104] usbcore: registered new interface driver hub
[    0.543235] usbcore: registered new device driver usb
[    0.547155] PCI: Using ACPI for IRQ routing
[    0.548417] NetLabel: Initializing
[    0.549244] NetLabel:  domain hash size = 128
[    0.550186] NetLabel:  protocols = UNLABELED CIPSOv4
[    0.551342] NetLabel:  unlabeled traffic allowed by default
[    0.552756] amd_nb: Cannot enumerate AMD northbridges
[    0.553984] clocksource: Switched to clocksource kvm-clock
[    0.570371] AppArmor: AppArmor Filesystem Enabled
[    0.571606] pnp: PnP ACPI init
[    0.573599] pnp: PnP ACPI: found 3 devices
[    0.582272] clocksource: acpi_pm: mask: 0xffffff max_cycles: 0xffffff, max_idle_ns: 2085701024 ns
[    0.584124] NET: Registered protocol family 2
[    0.585247] TCP established hash table entries: 8192 (order: 4, 65536 bytes)
[    0.586790] TCP bind hash table entries: 8192 (order: 5, 131072 bytes)
[    0.588117] TCP: Hash tables configured (established 8192 bind 8192)
[    0.589574] UDP hash table entries: 512 (order: 2, 16384 bytes)
[    0.590769] UDP-Lite hash table entries: 512 (order: 2, 16384 bytes)
[    0.592041] NET: Registered protocol family 1
[    0.592965] pci 0000:00:00.0: Limiting direct PCI/PCI transfers
[    0.594182] pci 0000:00:01.0: Activating ISA DMA hang workarounds
[    0.595508] Unpacking initramfs...
[    0.818393] Freeing initrd memory: 14884K
[    0.819503] clocksource: tsc: mask: 0xffffffffffffffff max_cycles: 0x1fd3b81b95f, max_idle_ns: 440795257325 ns
[    0.821490] platform rtc_cmos: registered platform RTC device (no PNP device found)
[    0.823125] Scanning for low memory corruption every 60 seconds
[    0.824619] audit: initializing netlink subsys (disabled)
[    0.825803] audit: type=2000 audit(1624217449.262:1): initialized
[    0.827395] Initialise system trusted keyring
[    0.828584] HugeTLB registered 2 MB page size, pre-allocated 0 pages
[    0.830796] zbud: loaded
[    0.831656] VFS: Disk quotas dquot_6.6.0
[    0.832531] VFS: Dquot-cache hash table entries: 512 (order 0, 4096 bytes)
[    0.834046] squashfs: version 4.0 (2009/01/31) Phillip Lougher
[    0.835508] fuse init (API version 7.23)
[    0.836535] Key type big_key registered
[    0.837373] Allocating IMA MOK and blacklist keyrings.
[    0.839964] Key type asymmetric registered
[    0.840857] Asymmetric key parser 'x509' registered
[    0.841883] Block layer SCSI generic (bsg) driver version 0.4 loaded (major 249)
[    0.843704] io scheduler noop registered
[    0.844584] io scheduler deadline registered (default)
[    0.845661] io scheduler cfq registered
[    0.846702] pci_hotplug: PCI Hot Plug PCI Core version: 0.5
[    0.847778] pciehp: PCI Express Hot Plug Controller Driver version: 0.4
[    0.849329] ACPI: AC Adapter [AC] (on-line)
[    0.850327] input: Power Button as /devices/LNXSYSTM:00/LNXPWRBN:00/input/input0
[    0.851862] ACPI: Power Button [PWRF]
[    0.852761] input: Sleep Button as /devices/LNXSYSTM:00/LNXSLPBN:00/input/input1
[    0.854276] ACPI: Sleep Button [SLPF]
[    0.855255] GHES: HEST is not enabled!
[    0.856321] ACPI: Battery Slot [BAT0] (battery present)
[    0.857614] Serial: 8250/16550 driver, 32 ports, IRQ sharing enabled
[    0.879462] 00:02: ttyS0 at I/O 0x3f8 (irq = 4, base_baud = 115200) is a 16550A
[    0.883322] Linux agpgart interface v0.103
[    0.885329] loop: module loaded
[    0.886549] scsi host0: ata_piix
[    0.887405] scsi host1: ata_piix
[    0.888158] ata1: PATA max UDMA/33 cmd 0x1f0 ctl 0x3f6 bmdma 0xd000 irq 14
[    0.889545] ata2: PATA max UDMA/33 cmd 0x170 ctl 0x376 bmdma 0xd008 irq 15
[    0.891112] libphy: Fixed MDIO Bus: probed
[    0.892069] tun: Universal TUN/TAP device driver, 1.6
[    0.893134] tun: (C) 1999-2004 Max Krasnyansky <maxk@qualcomm.com>
[    0.894481] PPP generic driver version 2.4.2
[    0.895428] ehci_hcd: USB 2.0 'Enhanced' Host Controller (EHCI) Driver
[    0.896658] ehci-pci: EHCI PCI platform driver
[    0.897578] ehci-platform: EHCI generic platform driver
[    0.898707] ohci_hcd: USB 1.1 'Open' Host Controller (OHCI) Driver
[    0.900002] ohci-pci: OHCI PCI platform driver
[    0.900954] ohci-platform: OHCI generic platform driver
[    0.902006] uhci_hcd: USB Universal Host Controller Interface driver
[    0.903303] i8042: PNP: PS/2 Controller [PNP0303:PS2K,PNP0f03:PS2M] at 0x60,0x64 irq 1,12
[    0.905315] serio: i8042 KBD port at 0x60,0x64 irq 1
[    0.906509] serio: i8042 AUX port at 0x60,0x64 irq 12
[    0.907783] mousedev: PS/2 mouse device common for all mice
[    0.909804] input: AT Translated Set 2 keyboard as /devices/platform/i8042/serio0/input/input2
[    0.912062] rtc_cmos rtc_cmos: rtc core: registered rtc_cmos as rtc0
[    0.913380] rtc_cmos rtc_cmos: alarms up to one day, 114 bytes nvram
[    0.914699] i2c /dev entries driver
[    0.915633] device-mapper: uevent: version 1.0.3
[    0.916706] device-mapper: ioctl: 4.34.0-ioctl (2015-10-28) initialised: dm-devel@redhat.com
[    0.918583] ledtrig-cpu: registered to indicate activity on CPUs
[    0.920227] NET: Registered protocol family 10
[    0.921320] NET: Registered protocol family 17
[    0.922259] Key type dns_resolver registered
[    0.923575] registered taskstats version 1
[    0.924437] Loading compiled-in X.509 certificates
[    0.925850] Loaded X.509 cert 'Build time autogenerated kernel key: cf00e047681d67edb2720680708b7d9498083038'
[    0.927972] zswap: loaded using pool lzo/zbud
[    0.930482] Key type trusted registered
[    0.933856] Key type encrypted registered
[    0.934886] AppArmor: AppArmor sha1 policy hashing enabled
[    0.935946] ima: No TPM chip found, activating TPM-bypass!
[    0.937131] ima: Allocated hash algorithm: sha1
[    0.938054] evm: HMAC attrs: 0x1
[    0.939185]   Magic number: 9:995:546
[    0.940064] tty ttyS22: hash matches
[    0.940873] mem null: hash matches
[    0.941696] rtc_cmos rtc_cmos: setting system clock to 2021-06-20 19:30:44 UTC (1624217444)
[    0.943479] BIOS EDD facility v0.16 2004-Jun-25, 0 devices found
[    0.944645] EDD information not available.
[    1.070713] Freeing unused kernel memory: 1492K
[    1.071872] Write protecting the kernel read-only data: 14336k
[    1.073538] Freeing unused kernel memory: 1584K
[    1.074739] Freeing unused kernel memory: 52K
Loading, please wait...
starting version 229
[    1.086691] random: systemd-udevd: uninitialized urandom read (16 bytes read, 3 bits of entropy available)
[    1.087218] random: udevadm: uninitialized urandom read (16 bytes read, 3 bits of entropy available)
[    1.087252] random: udevadm: uninitialized urandom read (16 bytes read, 3 bits of entropy available)
[    1.093210] random: systemd-udevd: uninitialized urandom read (16 bytes read, 3 bits of entropy available)
[    1.093770] random: udevadm: uninitialized urandom read (16 bytes read, 3 bits of entropy available)
[    1.093812] random: udevadm: uninitialized urandom read (16 bytes read, 3 bits of entropy available)
[    1.093925] random: udevadm: uninitialized urandom read (16 bytes read, 3 bits of entropy available)
[    1.093971] random: udevadm: uninitialized urandom read (16 bytes read, 3 bits of entropy available)
[    1.094060] random: udevadm: uninitialized urandom read (16 bytes read, 3 bits of entropy available)
[    1.094109] random: udevadm: uninitialized urandom read (16 bytes read, 3 bits of entropy available)
[    1.134816] e1000: Intel(R) PRO/1000 Network Driver - version 7.3.21-k8-NAPI
[    1.136872] e1000: Copyright (c) 1999-2006 Intel Corporation.
[    1.151601] AVX2 version of gcm_enc/dec engaged.
[    1.152800] AES CTR mode by8 optimization enabled
[    1.155610] Fusion MPT base driver 3.04.20
[    1.156580] Copyright (c) 1999-2008 LSI Corporation
[    1.172137] Fusion MPT SPI Host driver 3.04.20
[    1.359732] input: ImExPS/2 Generic Explorer Mouse as /devices/platform/i8042/serio1/input/input4
[    1.549088] e1000 0000:00:03.0 eth0: (PCI:33MHz:32-bit) 02:ed:98:3c:8e:82
[    1.550661] e1000 0000:00:03.0 eth0: Intel(R) PRO/1000 Network Connection
[    1.929818] e1000 0000:00:08.0 eth1: (PCI:33MHz:32-bit) 08:00:27:22:79:a6
[    1.931663] e1000 0000:00:08.0 eth1: Intel(R) PRO/1000 Network Connection
[    1.934320] mptbase: ioc0: Initiating bringup
[    1.934465] e1000 0000:00:08.0 enp0s8: renamed from eth1
[    1.946858] e1000 0000:00:03.0 enp0s3: renamed from eth0
[    2.667659] ioc0: LSI53C1030 A0: Capabilities={Initiator}
[    4.902487] scsi host2: ioc0: LSI53C1030 A0, FwRev=00000000h, Ports=1, MaxQ=256, IRQ=20
[    7.570200] scsi 2:0:0:0: Direct-Access     VBOX     HARDDISK         1.0  PQ: 0 ANSI: 5
[    7.572452] scsi target2:0:0: Beginning Domain Validation
[    7.574827] scsi target2:0:0: Domain Validation skipping write tests
[    7.576563] scsi target2:0:0: Ending Domain Validation
[    7.577988] scsi target2:0:0: asynchronous
[    7.587364] scsi 2:0:1:0: Direct-Access     VBOX     HARDDISK         1.0  PQ: 0 ANSI: 5
[    7.589563] scsi target2:0:1: Beginning Domain Validation
[    7.593083] scsi target2:0:1: Domain Validation skipping write tests
[    7.594771] scsi target2:0:1: Ending Domain Validation
[    7.596209] scsi target2:0:1: asynchronous
[    7.603070] sd 2:0:0:0: Attached scsi generic sg0 type 0
[    7.604481] sd 2:0:0:0: [sda] 83886080 512-byte logical blocks: (42.9 GB/40.0 GiB)
[    7.607100] sd 2:0:1:0: Attached scsi generic sg1 type 0
[    7.608519] sd 2:0:1:0: [sdb] 20480 512-byte logical blocks: (10.5 MB/10.0 MiB)
[    7.610492] sd 2:0:0:0: [sda] Write Protect is off
[    7.611998] sd 2:0:1:0: [sdb] Write Protect is off
[    7.613171] sd 2:0:0:0: [sda] Incomplete mode parameter data
[    7.614587] sd 2:0:0:0: [sda] Assuming drive cache: write through
[    7.616004] sd 2:0:1:0: [sdb] Incomplete mode parameter data
[    7.617247] sd 2:0:1:0: [sdb] Assuming drive cache: write through
[    7.619967]  sda: sda1
[    7.621582] sd 2:0:1:0: [sdb] Attached SCSI disk
[    7.622745] sd 2:0:0:0: [sda] Attached SCSI disk
Begin: Loading essential drivers ... [    8.879267] md: linear personality registered for level -1
[    8.881913] md: multipath personality registered for level -4
[    8.885021] md: raid0 personality registered for level 0
[    8.888947] md: raid1 personality registered for level 1
[    8.958604] raid6: sse2x1   gen() 13337 MB/s
[    9.026117] raid6: sse2x1   xor() 10028 MB/s
[    9.094116] raid6: sse2x2   gen() 16399 MB/s
[    9.162242] raid6: sse2x2   xor() 11473 MB/s
[    9.230135] raid6: sse2x4   gen() 18696 MB/s
[    9.298513] raid6: sse2x4   xor() 12190 MB/s
[    9.366226] raid6: avx2x1   gen() 24315 MB/s
[    9.434119] raid6: avx2x2   gen() 31292 MB/s
[    9.502129] raid6: avx2x4   gen() 34426 MB/s
[    9.503039] raid6: using algorithm avx2x4 gen() 34426 MB/s
[    9.504204] raid6: using avx2x2 recovery algorithm
[    9.506323] xor: automatically using best checksumming function:
[    9.546033]    avx       : 29332.000 MB/sec
[    9.547925] async_tx: api initialized (async)
[    9.556208] md: raid6 personality registered for level 6
[    9.557395] md: raid5 personality registered for level 5
[    9.558547] md: raid4 personality registered for level 4
[    9.564792] md: raid10 personality registered for level 10
done.
Begin: Running /scripts/init-premount ... done.
Begin: Mounting root file system ... Begin: Running /scripts/local-top ... done.
Begin: Running /scripts/local-premount ... [    9.586989] Btrfs loaded
Scanning for Btrfs filesystems
done.
Warning: fsck not present, so skipping root file system
[    9.603235] EXT4-fs (sda1): mounted filesystem with ordered data mode. Opts: (null)
done.
Begin: Running /scripts/local-bottom ... done.
Begin: Running /scripts/init-bottom ... done.
[    9.647811] systemd[1]: systemd 229 running in system mode. (+PAM +AUDIT +SELINUX +IMA +APPARMOR +SMACK +SYSVINIT +UTMP +LIBCRYPTSETUP +GCRYPT +GNUTLS +ACL +XZ -LZ4 +SECCOMP +BLKID +ELFUTILS +KMOD -IDN)
[    9.651622] systemd[1]: Detected virtualization oracle.
[    9.652699] systemd[1]: Detected architecture x86-64.

Welcome to [1mUbuntu 16.04.7 LTS[0m!

[    9.663192] systemd[1]: Set hostname to <ubuntu>.
[    9.666167] systemd[1]: Initializing machine ID from random generator.
[    9.667967] systemd[1]: Installed transient /etc/machine-id file.
[    9.754224] systemd[1]: Set up automount Arbitrary Executable File Formats File System Automount Point.
[[0;32m  OK  [0m] Set up automount Arbitrary Executab...ats File System Automount Point.
[    9.762630] systemd[1]: Reached target System Time Synchronized.
[[0;32m  OK  [0m] Reached target System Time Synchronized.
[    9.765837] systemd[1]: Listening on Journal Socket.
[[0;32m  OK  [0m] Listening on Journal Socket.
[    9.768132] systemd[1]: Listening on fsck to fsckd communication Socket.
[[0;32m  OK  [0m] Listening on fsck to fsckd communication Socket.
[    9.771372] systemd[1]: Created slice System Slice.
[[0;32m  OK  [0m] Created slice System Slice.
[    9.786940] systemd[1]: Starting File System Check on Root Device...
         Starting File System Check on Root Device...
[    9.798746] systemd[1]: Mounting Debug File System...
         Mounting Debug File System...
[    9.801622] systemd[1]: Mounting Huge Pages File System...
         Mounting Huge Pages File System...
[    9.805346] systemd[1]: Starting Uncomplicated firewall...
         Starting Uncomplicated firewall...
[    9.807841] systemd[1]: Listening on Journal Audit Socket.
[[0;32m  OK  [0m] Listening on Journal Audit Socket.
[    9.810236] systemd[1]: Listening on LVM2 metadata daemon socket.
[[0;32m  OK  [0m] Listening on LVM2 metadata daemon socket.
[    9.812440] systemd[1]: Listening on Journal Socket (/dev/log).
[[0;32m  OK  [0m] Listening on Journal Socket (/dev/log).
[    9.822837] systemd[1]: Listening on LVM2 poll daemon socket.
[[0;32m  OK  [0m] Listening on LVM2 poll daemon socket.
[    9.825532] systemd[1]: Listening on /dev/initctl Compatibility Named Pipe.
[[0;32m  OK  [0m] Listening on /dev/initctl Compatibility Named Pipe.
[    9.828192] systemd[1]: Listening on udev Kernel Socket.
[[0;32m  OK  [0m] Listening on udev Kernel Socket.
[    9.839205] systemd[1]: Created slice User and Session Slice.
[[0;32m  OK  [0m] Created slice User and Session Slice.
[    9.850796] systemd[1]: Reached target Slices.
[[0;32m  OK  [0m] Reached target Slices.
[    9.859111] systemd[1]: Created slice system-serial\x2dgetty.slice.
[[0;32m  OK  [0m] Created slice system-serial\x2dgetty.slice.
[    9.862910] systemd[1]: Started Trigger resolvconf update for networkd DNS.
[[0;32m  OK  [0m] Started Trigger resolvconf update for networkd DNS.
[    9.878614] systemd[1]: Starting Nameserver information manager...
         Starting Nameserver information manager...
[    9.882876] systemd[1]: Starting Set console keymap...
         Starting Set console keymap...
[    9.890265] systemd[1]: Listening on udev Control Socket.
[[0;32m  OK  [0m] Listening on udev Control Socket.
[    9.892357] systemd[1]: Reached target Encrypted Volumes.
[[0;32m  OK  [0m] Reached target Encrypted Volumes.
[    9.894630] systemd[1]: Started Forward Password Requests to Wall Directory Watch.
[[0;32m  OK  [0m] Started Forward Password Requests to Wall Directory Watch.
[    9.918915] systemd[1]: Starting Load Kernel Modules...
         Starting Load Kernel Modules...
[    9.922690] systemd[1]: Mounting POSIX Message Queue File System...
         Mounting POSIX Message Queue File System...
[    9.926805] Loading iSCSI transport class v2.0-870.
[    9.930867] systemd[1]: Starting Create list of required static device nodes for the current kernel...
         Starting Create list of required st... nodes for the current kernel...
[    9.934373] systemd[1]: Listening on Device-mapper event daemon FIFOs.
[    9.934500] iscsi: registered transport (tcp)
[[0;32m  OK  [0m] Listening on Device-mapper event daemon FIFOs.
[    9.938757] systemd[1]: Starting Monitoring of LVM2 mirrors, snapshots etc. using dmeventd or progress polling...
         Starting Monitoring of LVM2 mirrors... dmeventd or progress polling...
[    9.942530] systemd[1]: Reached target User and Group Name Lookups.
[[0;32m  OK  [0m] Reached target User and Group Name Lookups.
[    9.950227] systemd[1]: Reached target Swap.
[[0;32m  OK  [0m] Reached target Swap.
[    9.952410] systemd[1]: Listening on Syslog Socket.
[[0;32m  OK  [0m] Listening on Syslog Socket.
[    9.955898] systemd[1]: Starting Journal Service...
         Starting Journal Service...
[    9.963482] systemd[1]: Mounted POSIX Message Queue File System.
[[0;32m  OK  [0m] Mounted POSIX Message Queue File System.
[    9.966183] systemd[1]: Mounted Debug File System.
[[0;32m  OK  [0m] Mounted Debug File System.
[    9.968088] systemd[1]: Mounted Huge Pages File System.
[[0;32m  OK  [0m] Mounted Huge Pages File System.
[    9.970474] systemd[1]: Started Journal Service.
[[0;32m  OK  [0m] Started Journal Service.
[[0;32m  OK  [0m] Started File System Check on Root Device.
[[0;32m  OK  [0m] Started Uncomplicated firewall.
[[0;32m  OK  [0m] Started Set console keymap.
[    9.979732] iscsi: registered transport (iser)
[[0;32m  OK  [0m] Started Create list of required sta...ce nodes for the current kernel.
[[0;32m  OK  [0m] Started Load Kernel Modules.
[[0;32m  OK  [0m] Started Nameserver information manager.
[[0;32m  OK  [0m] Started LVM2 metadata daemon.
[[0;32m  OK  [0m] Started File System Check Daemon to report status.
         Mounting FUSE Control File System...
         Starting Apply Kernel Variables...
         Starting Create Static Device Nodes in /dev...
         Starting Remount Root and Kernel File Systems...
[[0;32m  OK  [0m] Mounted FUSE Control File System.
[   10.003072] EXT4-fs (sda1): re-mounted. Opts: (null)
[[0;32m  OK  [0m] Started Apply Kernel Variables.
[[0;32m  OK  [0m] Started Create Static Device Nodes in /dev.
[[0;32m  OK  [0m] Started Remount Root and Kernel File Systems.
         Starting Load/Save Random Seed...
         Starting udev Coldplug all Devices...
         Starting Flush Journal to Persistent Storage...
         Starting udev Kernel Device Manager...
[[0;32m  OK  [0m] Started Load/Save Random Seed.
[[0;32m  OK  [0m] Started Flush Journal to Persistent Storage.
[[0;32m  OK  [0m] Started udev Kernel Device Manager.
[[0;32m  OK  [0m] Started udev Coldplug all Devices.
[[0;32m  OK  [0m] Started Dispatch Password Requests to Console Directory Watch.
[[0;32m  OK  [0m] Found device /dev/ttyS0.
[[0;32m  OK  [0m] Listening on Load/Save RF Kill Switch Status /dev/rfkill Watch.
[[0;32m  OK  [0m] Started Monitoring of LVM2 mirrors,...ng dmeventd or progress polling.
[[0;32m  OK  [0m] Reached target Local File Systems (Pre).
[[0;32m  OK  [0m] Reached target Local File Systems.
         Starting Commit a transient machine-id on disk...
         Starting Initial cloud-init job (pre-networking)...
         Starting Set console font and keymap...
         Starting Tell Plymouth To Write Out Runtime Data...
         Starting Create Volatile Files and Directories...
         Starting LSB: AppArmor initialization...
[[0;32m  OK  [0m] Started Commit a transient machine-id on disk.
[[0;32m  OK  [0m] Started Tell Plymouth To Write Out Runtime Data.
[[0;32m  OK  [0m] Started Create Volatile Files and Directories.
         Starting Update UTMP about System Boot/Shutdown...
[[0;32m  OK  [0m] Started Update UTMP about System Boot/Shutdown.
[[0;32m  OK  [0m] Started Set console font and keymap.
[[0;32m  OK  [0m] Created slice system-getty.slice.
[   11.002359] cloud-init[615]: Cloud-init v. 21.1-19-gbad84ad4-0ubuntu1~16.04.2 running 'init-local' at Sun, 20 Jun 2021 19:30:54 +0000. Up 10.73 seconds.
[[0;32m  OK  [0m] Started Initial cloud-init job (pre-networking).
[[0;32m  OK  [0m] Reached target Network (Pre).
[[0;32m  OK  [0m] Started LSB: AppArmor initialization.
         Starting Load AppArmor profiles managed internally by snapd...
         Starting Raise network interfaces...
[[0;32m  OK  [0m] Started Load AppArmor profiles managed internally by snapd.
[[0;32m  OK  [0m] Started Raise network interfaces.
         Starting Initial cloud-init job (metadata service crawler)...
[[0;32m  OK  [0m] Reached target Network.
[   11.866574] cloud-init[958]: Cloud-init v. 21.1-19-gbad84ad4-0ubuntu1~16.04.2 running 'init' at Sun, 20 Jun 2021 19:30:55 +0000. Up 11.50 seconds.
[   11.876415] cloud-init[958]: ci-info: ++++++++++++++++++++++++++++++++++++++Net device info+++++++++++++++++++++++++++++++++++++++
[   11.884391] cloud-init[958]: ci-info: +--------+-------+----------------------------+---------------+--------+-------------------+
[   11.886201] cloud-init[958]: ci-info: | Device |   Up  |          Address           |      Mask     | Scope  |     Hw-Address    |
[   11.896543] cloud-init[958]: ci-info: +--------+-------+----------------------------+---------------+--------+-------------------+
[   11.898058] cloud-init[958]: ci-info: | enp0s3 |  True |         10.0.2.15          | 255.255.255.0 | global | 02:ed:98:3c:8e:82 |
[   11.899628] cloud-init[958]: ci-info: | enp0s3 |  True | fe80::ed:98ff:fe3c:8e82/64 |       .       |  link  | 02:ed:98:3c:8e:82 |
[   11.901647] cloud-init[958]: ci-info: | enp0s8 | False |             .              |       .       |   .    | 08:00:27:22:79:a6 |
[[0;32m  OK  [0m] Started Initial cloud-init job (metadata service crawler).
[[0;32m  OK  [0m] Reached target Cloud-config availability.
[[0;32m  OK  [0m] Reached target System Initialization.
         Starting Socket activation for snappy daemon.
[   11.914924] cloud-init[958]: ci-info: |   lo   |  True |         127.0.0.1          |   255.0.0.0   |  host  |         .         |
[   11.945026] [cloud-init[0;32m  OK  [0m[958]: ] ci-info: |   lo   |  True |          ::1/128           |       .       |  host  |         .         |Started ACPI Events Check.

[   11.947332] [[0;32m  OK  [0m] Reached target Paths.
cloud-init[958]: ci-info: +--------+-------+----------------------------+---------------+--------+-------------------+
[[0;32m  OK  [0m] Listening on ACPID Listen Socket.
[[0;32m  OK  [0m] Started Message of the Day.
[   11.949888] [cloud-init[0;32m  OK  [0m[958]: ] ci-info: +++++++++++++++++++++++++++Route IPv4 info++++++++++++++++++++++++++++Listening on UUID daemon activation socket.

[   11.953550] [[0;32m  OK  [0m] Started Daily Cleanup of Temporary Directories.
[[0;32m  OK  [0m] Started Daily apt download activities.
[[0;32m  OK  [0m] Started Daily apt upgrade and clean activities.
[[0;32m  OK  [0m] Listening on D-Bus System Message Bus Socket.
cloud-init[958]: ci-info: +-------+-------------+----------+---------------+-----------+-------+
[   11.958146]          cloud-initStarting LXD - unix socket.[958]: 
ci-info: | Route | Destination | Gateway  |    Genmask    | Interface | Flags |
[   11.960422] [[0;32m  OK  [0m] Reached target Timers.
[[0;32m  OK  [0m] Reached target Network is Online.
cloud-init[958]: ci-info: +-------+-------------+----------+---------------+-----------+-------+
[   11.963595] cloud-init[958]: ci-info: |   0   |   0.0.0.0   | 10.0.2.2 |    0.0.0.0    |   enp0s3  |   UG  |
[   11.965191] cloud-init[958]: ci-info: |   1   |   10.0.2.0  | 0.0.0.0  | 255.255.255.0 |   enp0s3  |   U   |
[   11.972632] cloud-init[958]: ci-info: +-------+-------------+----------+---------------+-----------+-------+
[   11.974231] cloud-init[958]: ci-info: +++++++++++++++++++Route IPv6 info+++++++++++++++++++
[   11.980383]          Starting iSCSI initiator daemon (iscsid)...
[[0;32m  OK  [0m] Listening on Socket activation for snappy daemon.
[[0;32m  OK  [0m] Listening on LXD - unix socket.
[[0;32m  OK  [0m] Reached target Sockets.
cloud-init[958]: ci-info: +-------+-------------+---------+-----------+-------+
[[0;32m  OK  [0m] Reached target Basic System.
[   11.987368] cloud-init[958]: ci-info: | Route | Destination | Gateway | Interface | Flags |
[   11.989245]          Starting Accounts Service...
cloud-init         Starting System Logging Service...
         Starting Virtualbox guest utils...
         Starting LXD - container startup/shutdown...
         Starting LSB: MD monitoring daemon...
[[0;32m  OK  [0m] Started FUSE filesystem for LXC.
         Starting Login Service...
[[0;32m  OK  [0m] Started D-Bus System Message Bus.
[958]: ci-info: +-------+-------------+---------+-----------+-------+
[   12.006276] cloud-init[958]: ci-info: |   0   |  fe80::/64  |    ::   |   enp0s3  |   U   |
[   12.008457] cloud-init[958]: ci-info: |   3   |   ff00::/8  |    ::   |   enp0s3  |   U   |
[   12.016290] cloud-init[958]: ci-info: +-------+-------------+---------+-----------+-------+
[   12.017637] cloud-init[958]: Generating public/private rsa key pair.
[   12.020913] cloud-init[958]: Your identification has been saved in /etc/ssh/ssh_host_rsa_key.
[   12.022375] cloud-init[958]: Your public key has been saved in /etc/ssh/ssh_host_rsa_key.pub.
[   12.028899] cloud-init[958]: The key fingerprint is:
[   12.030410] cloud-init[958]: SHA256:onwoZNB1iyqd+yQE/O/3TjtOCMUVcP1iMe6P+UoQHVo root@ubuntu-xenial
[   12.032226] cloud-init[958]: The key's randomart image is:
[   12.033891] cloud-init[958]: +---[RSA 2048]----+
[   12.035285] cloud-init[958]: |    . ...+oE     |
[   12.037852] cloud-init[958]: |.. . o..o ++.    |
[   12.039030] cloud-init[958]: |o.. . .o o..+    |
[   12.040102] cloud-init[958]: | +.o  .   .+ .   |
[   12.041199] cloud-init[958]: |. B. .. S.o .    |
[   12.042330] cloud-init[958]: | = o.o... ..     |
[   12.043250] cloud-init[958]: |  + =... o .+    |
[   12.044443] cloud-init[958]: |   =.. .o.oo .   |
[   12.045752] cloud-init[958]: |    ... +=..o.   |
[   12.046915] cloud-init[958]: +----[SHA256]-----+
[   12.047984]          Starting Snap Daemon...
cloud-init[958]: Generating public/private dsa key pair.
[   12.049400] [[0;32m  OK  [0m] Started Regular background program processing daemon.
         Starting LSB: Record successful boot for GRUB...
cloud-init[958]: [[0;32m  OK  [0m] Started ACPI event daemon.
[[0;32m  OK  [0m] Started Deferred execution scheduler.
         Starting /etc/rc.local Compatibility...
         Starting Pollinate to seed the pseudo random number generator...
[[0;32m  OK  [0m] Started System Logging Service.
Your identification has been saved in /etc/ssh/ssh_host_dsa_key.
[   12.058230] cloud-init[958]: Your public key has been saved in /etc/ssh/ssh_host_dsa_key.pub.
[   12.061812] cloud-init[958]: The key fingerprint is:
[   12.064481] cloud-init[958]: SHA256:yXX4GC/QqTxPOHZmqI3aoXiHVF+kqMfBkKB/kFW6tQM root@ubuntu-xenial
[   12.066309] cloud-init[958]: The key's randomart image is:
[   12.072823] cloud-init[958]: +---[DSA 1024]----+
[[0;32m  OK  [0m] Started /etc/rc.local Compatibility.
[[0;32m  OK  [0m] Started iSCSI initiator daemon (iscsid).
[   12.076394] cloud-init[958]: |  ...o.          |
[   12.079243] cloud-init[958]: | . oo.   ..o     |
[   12.080487] cloud-init[958]: |. o Eo...o* .    |
[   12.086322] cloud-init[958]: | . . +=+.B.*     |
         Starting Authenticate and Authorize Users to Run Privileged Tasks...
         Starting Login to default iSCSI targets...
[[0;32m  OK  [0m] Started LSB: MD monitoring daemon.
[[0;32m  OK  [0m] Started LSB: Record successful boot for GRUB.
[[0;32m  OK  [0m] Started Login Service.
[   12.103265] cloud-init[958]: |  . o+ooS.B o    |
[   12.140279] cloud-init[958]: |   .o o*.O .     |
[   12.142328] cloud-init[958]: |   . o+ . .      |
[   12.143468] cloud-init[958]: |   .o+..         |
[[0;32m  OK  [0m] Started Unattended Upgrades Shutdown.
[[0;32m  OK  [0m] Started LXD - container startup/shutdown.
[   12.150302] cloud-init[958]: |  ..o..          |
[   12.157053] cloud-init[958]: +----[SHA256]-----+
[[0;32m  OK  [0m] Started Authenticate and Authorize Users to Run Privileged Tasks.
[[0;32m  OK  [0m] Started Accounts Service.
[[0;32m  OK  [0m] Started Virtualbox guest utils.
[[0;32m  OK  [0m] Started Login to default iSCSI targets.
[[0;32m  OK  [0m] Reached target Remote File Systems (Pre).
[[0;32m  OK  [0m] Reached target Remote File Systems.
[   12.161175] cloud-init[958]: Generating public/private ecdsa key pair.
[   12.220331] cloud-init[958]: Your identification has been saved in /etc/ssh/ssh_host_ecdsa_key.
[   12.221794] cloud-init[958]: Your public key has been saved in /etc/ssh/ssh_host_ecdsa_key.pub.
[   12.223601] cloud-init[958]: The key fingerprint is:
[   12.225250] cloud-init[958]: SHA256:HQ7ld3G8g6Hi7hlI3wxd7Pvcavb+EO9ogGHU5K6UyIg root@ubuntu-xenial
         Starting LSB: automatic crash report generation...
         Starting Permit User Sessions...
         Starting LSB: Set the CPU Frequency Scaling governor to "ondemand"...
         Starting LSB: daemon to balance interrupts for SMP systems...
[   12.227933] cloud-init[958]: The key's randomart image is:
[   12.235319] cloud-init[958]: +---[ECDSA 256]---+
[   12.239492] cloud-init[958]: |          .o. ...|
[[0;32m  OK  [0m] Started Permit User Sessions.
         Starting Hold until boot process finishes up...
         Starting Terminate Plymouth Boot Screen...
[   12.244011] cloud-init[958]: |         o..o. o.|
[[0;32m  OK  [0m] Started Hold until boot process finishes up.
[[0;32m  OK  [0m] Started Getty on tty1.
[[0;32m  OK  [0m] Started Serial Getty on ttyS0.
[[0;32m  OK  [0m] Reached target Login Prompts.
         Starting Set console scheme...
[[0;32m  OK  [0m] Started Set console scheme.
[[0;32m  OK  [0m] Started Terminate Plymouth Boot Screen.
[   12.250670] cloud-init[958]: |        ..o +o+ .|
[   12.273421] cloud-init[958]: |     . o *+*oo o |
[   12.274646] cloud-init[958]: |    E ..So*+... .|
[   12.276263] cloud-init[958]: |      . oo=.. .o |
[   12.278671] cloud-init[958]: |       ..o.o o. .|
[[0;32m  OK  [0m] Started LSB: Set the CPU Frequency Scaling governor to "ondemand".
[   12.286098] cloud-init[958]: |         .o   *+.|
[   12.289693] cloud-init[958]: |        .o   +o*B|
[[0;32m  OK  [0m] Started LSB: daemon to balance interrupts for SMP systems.
[   12.293092] cloud-init[958]: +----[SHA256]-----+
[   12.300241] [cloud-init[0;32m  OK  [0m[958]: ] Generating public/private ed25519 key pair.Started LSB: automatic crash report generation.

[   12.300795] cloud-init[958]: Your identification has been saved in /etc/ssh/ssh_host_ed25519_key.
[   12.304437] cloud-init[958]: Your public key has been saved in /etc/ssh/ssh_host_ed25519_key.pub.
[   12.305844] cloud-init[958]: The key fingerprint is:
[   12.307000] cloud-init[958]: SHA256:KNpEnjQJTrZwToJsVAr4U8bIxI+fsvHb4enZjTL0Nbk root@ubuntu-xenial
[   12.308289] cloud-init[958]: The key's randomart image is:
[   12.310413] cloud-init[958]: +--[ED25519 256]--+
[   12.311369] cloud-init[958]: |O=O+             |
[   12.312391] cloud-init[958]: |+%=o+.           |
[   12.313945] cloud-init[958]: |.o+==            |
[   12.314792] cloud-init[958]: |  ++.o .         |
[   12.317379] cloud-init[958]: |   o=.. S  .     |
[   12.318434] cloud-init[958]: |  o+o..   +      |
[   12.328274] cloud-init[958]: |  .=.... . o     |
[   12.329174] cloud-init[958]: |  . .oo=.oE      |
[   12.330307] cloud-init[958]: |    .o*oo .      |
[   12.332196] cloud-init[958]: +----[SHA256]-----+
[[0;32m  OK  [0m] Started Snap Daemon.
         Starting Wait until snapd is fully seeded...
[[0;32m  OK  [0m] Started Pollinate to seed the pseudo random number generator.
         Starting OpenBSD Secure Shell server...
[[0;32m  OK  [0m] Started OpenBSD Secure Shell server.
[[0;32m  OK  [0m] Created slice User Slice of vagrant.
         Starting User Manager for UID 1000...
[[0;32m  OK  [0m] Started Session 1 of user vagrant.
[[0;32m  OK  [0m] Started User Manager for UID 1000.
[[0;32m  OK  [0m] Started Wait until snapd is fully seeded.
[[0;32m  OK  [0m] Reached target Multi-User System.
[[0;32m  OK  [0m] Reached target Graphical Interface.
         Starting Update UTMP about System Runlevel Changes...
         Starting Apply the settings specified in cloud-config...
[[0;32m  OK  [0m] Started Update UTMP about System Runlevel Changes.
[[0;32m  OK  [0m] Started Session 2 of user vagrant.
[   14.967378] cloud-init[1529]: Generating locales (this might take a while)...
[   15.563300] cloud-init[1529]:   en_US.UTF-8... done
[   15.564373] cloud-init[1529]: Generation complete.
[   15.805093] cloud-init[1529]: Cloud-init v. 21.1-19-gbad84ad4-0ubuntu1~16.04.2 running 'modules:config' at Sun, 20 Jun 2021 19:30:58 +0000. Up 14.88 seconds.
[[0;32m  OK  [0m] Started Apply the settings specified in cloud-config.
         Starting Execute cloud user/final scripts...
ci-info: no authorized SSH keys fingerprints found for user ubuntu.
<14>Jun 20 19:30:59 ec2: 
<14>Jun 20 19:30:59 ec2: #############################################################
<14>Jun 20 19:30:59 ec2: -----BEGIN SSH HOST KEY FINGERPRINTS-----
<14>Jun 20 19:30:59 ec2: 1024 SHA256:yXX4GC/QqTxPOHZmqI3aoXiHVF+kqMfBkKB/kFW6tQM root@ubuntu-xenial (DSA)
<14>Jun 20 19:30:59 ec2: 256 SHA256:HQ7ld3G8g6Hi7hlI3wxd7Pvcavb+EO9ogGHU5K6UyIg root@ubuntu-xenial (ECDSA)
<14>Jun 20 19:30:59 ec2: 256 SHA256:KNpEnjQJTrZwToJsVAr4U8bIxI+fsvHb4enZjTL0Nbk root@ubuntu-xenial (ED25519)
<14>Jun 20 19:30:59 ec2: 2048 SHA256:onwoZNB1iyqd+yQE/O/3TjtOCMUVcP1iMe6P+UoQHVo root@ubuntu-xenial (RSA)
<14>Jun 20 19:30:59 ec2: -----END SSH HOST KEY FINGERPRINTS-----
<14>Jun 20 19:30:59 ec2: #############################################################
-----BEGIN SSH HOST KEY KEYS-----
ecdsa-sha2-nistp256 AAAAE2VjZHNhLXNoYTItbmlzdHAyNTYAAAAIbmlzdHAyNTYAAABBBNlsALTct+CdVvO32REJTtGjpQEJe1Jg7XI46f6q2QwHJ++tKdKASU300BgzrUlgQ5LR2QS8bxb9h1LJl/2cuwk= root@ubuntu-xenial
ssh-ed25519 AAAAC3NzaC1lZDI1NTE5AAAAIB+u7+cIUpeBIaW5tE7twITcRu1A6xXaVUfbJF7msZd3 root@ubuntu-xenial
ssh-rsa AAAAB3NzaC1yc2EAAAADAQABAAABAQCf38wLFcgtiCqNkYoZWUZSjKG+lKJ9lCWqNGy+2yVaXIcUvKYOQ4lkWA8M9GqU1pGXgMxkxXporHvBh6JL5Fx3WC1vhuq/agEn86nYtqRHel01HpCQkeeUXWqzdfAorb38mRU3UBPlT4WWstRA8uAfADp6aolDPY5BPjmV80Z5l4QQXN+yzeCc+reO7VCUH+AVloXwJXPWAh7w4WY7lI7Smm4fXx2rIZArIy0xE1ML7ptI1B1RJH05iDZCaddNuVsPqUpQrqafAJGOpDAzGoB8vqSDvvbqzAWTPT5IFdC+HDki/7Ioil5ucHLGyo9IcVofNB9FUku3LVSFJ+vbHgMn root@ubuntu-xenial
-----END SSH HOST KEY KEYS-----
[   16.193702] cloud-init[1636]: Cloud-init v. 21.1-19-gbad84ad4-0ubuntu1~16.04.2 running 'modules:final' at Sun, 20 Jun 2021 19:30:59 +0000. Up 16.09 seconds.
[   16.195607] cloud-init[1636]: ci-info: no authorized SSH keys fingerprints found for user ubuntu.
[   16.196852] cloud-init[1636]: Cloud-init v. 21.1-19-gbad84ad4-0ubuntu1~16.04.2 finished at Sun, 20 Jun 2021 19:30:59 +0000. Datasource DataSourceNoCloud [seed=/dev/sdb][dsmode=net].  Up 16.18 seconds
[[0;32m  OK  [0m] Started Execute cloud user/final scripts.
[[0;32m  OK  [0m] Reached target Cloud-init target.

Ubuntu 16.04.7 LTS ubuntu-xenial ttyS0

ubuntu-xenial login: 